02-12 13:14:06.344  4761 11636 I chatty  : uid=1000(system) AsyncTask #2 expire 1 line
02-12 13:20:50.438  1422  4235 I chatty  : uid=1000(system) Binder_9 expire 4 lines
02-12 13:20:54.401  1422  4816 I chatty  : uid=1000(system) Binder_A expire 4 lines
02-12 13:20:54.478  1422 11719 I chatty  : uid=1000 system_server expire 1 line
02-12 13:21:01.738  1422 11848 I chatty  : uid=1000 system_server expire 1 line
02-12 13:25:51.858  4173  4173 I chatty  : uid=1000(system) com.miui.networkassistant.deamon expire 1 line
02-12 13:26:04.007 11977 11977 E ActivityThread: Failed to find provider info for metok
02-12 13:26:05.607  3788  5620 I chatty  : uid=1000(system) local_job_dispa expire 1 line
02-12 13:26:05.757  4229  4229 I chatty  : uid=1000(system) com.miui.securitycenter.remote expire 1 line
02-12 13:26:05.763  1422  1422 I chatty  : uid=1000 system_server expire 3 lines
02-12 13:26:06.537 11977 12110 E ActivityThread: Failed to find provider info for metok
02-12 13:26:06.576 11977 11977 E ActivityThread: Failed to find provider info for metok
02-12 13:26:12.006  1422  3644 I chatty  : uid=1000(system) ConnectivitySer expire 7 lines
02-12 13:44:04.734   404   417 I Ext4Crypt: ext4 crypto complete called on /data
02-12 13:44:04.735   404   417 I Ext4Crypt: No master key, so not ext4enc
02-12 13:44:04.737   404   417 D VoldCryptCmdListener: cryptfs getpwtype
02-12 13:44:04.737   404   417 I Ext4Crypt: ext4 crypto complete called on /data
02-12 13:44:04.737   404   417 I Ext4Crypt: No master key, so not ext4enc
02-12 13:45:07.731  1422 12332 I chatty  : uid=1000 system_server expire 1 line
02-12 13:45:07.838  3788 12339 I chatty  : uid=1000(system) com.android.systemui expire 1 line
02-12 13:45:08.972  1422  3644 I chatty  : uid=1000(system) ConnectivitySer expire 47 lines
02-12 13:45:08.996  4173  4522 I chatty  : uid=1000(system) TrafficManageSe expire 9 lines
02-12 13:45:10.885  1422  1422 I chatty  : uid=1000 system_server expire 12 lines
02-12 13:45:12.035  1422 12484 I chatty  : uid=1000 system_server expire 1 line
02-12 13:45:17.445  1422  3802 I chatty  : uid=1000(system) Binder_4 expire 12 lines
02-12 13:45:17.447  1422  4232 I chatty  : uid=1000(system) Binder_8 expire 10 lines
02-12 13:45:27.724  1422  3889 I chatty  : uid=1000(system) Binder_5 expire 5 lines
02-12 13:51:16.328  1422  4235 I chatty  : uid=1000(system) Binder_9 expire 9 lines
02-12 13:51:16.731  1422  1433 I chatty  : uid=1000(system) Binder_2 expire 7 lines
02-12 13:51:16.759  1422  4830 I chatty  : uid=1000(system) Binder_B expire 4 lines
02-12 13:51:32.623  1422 12677 I chatty  : uid=1000 system_server expire 2 lines
02-12 13:51:41.221  1422  1435 I chatty  : uid=1000(system) android.bg expire 2 lines
02-12 13:51:41.458 12711 12726 D ActivityThread: Loading provider com.google.android.gmail.provider;com.android.mail.notifier;com.google.android.gm.email.provider;com.google.android.gm.tasks.provider;com.google.android.gm.email.notifier: com.android.email.provider.EmailProvider
02-12 13:51:42.176  1422  1432 I chatty  : uid=1000(system) Binder_1 expire 5 lines
02-12 13:51:42.209  1422  3771 I chatty  : uid=1000(system) Binder_3 expire 10 lines
02-12 13:51:43.553  1422  1436 I chatty  : uid=1000(system) ActivityManager expire 4 lines
02-12 13:51:45.572  1422  3643 I chatty  : uid=1000(system) WifiService expire 2 lines
02-12 13:51:45.572  1422  4868 I chatty  : uid=1000(system) Binder_F expire 6 lines
02-12 13:55:33.121  3788 12798 I chatty  : uid=1000(system) com.android.systemui expire 1 line
02-12 13:57:01.012  1422  4844 I chatty  : uid=1000(system) Binder_C expire 2 lines
02-12 13:57:01.547  1422  5256 I chatty  : uid=1000(system) Binder_10 expire 6 lines
02-12 14:02:58.672  1422  4816 I chatty  : uid=1000(system) Binder_A expire 4 lines
02-12 14:04:39.023  1422  1441 I chatty  : uid=1000(system) android.display expire 4 lines
02-12 14:04:39.039  1422  1443 I chatty  : uid=1000(system) PowerManagerSer expire 2 lines
02-12 14:04:39.061  3788  5620 I chatty  : uid=1000(system) local_job_dispa expire 1 line
02-12 14:04:39.128  4229  4229 I chatty  : uid=1000(system) com.miui.securitycenter.remote expire 1 line
02-12 14:04:39.203  1422  4186 I chatty  : uid=1000(system) Binder_7 expire 6 lines
02-12 14:05:14.675  1422  4859 I chatty  : uid=1000(system) Binder_E expire 3 lines
02-12 14:19:33.974  1422  3582 I chatty  : uid=1000(system) InputReader expire 16 lines
02-12 14:19:35.301  3788  3829 I chatty  : uid=1000(system) local_job_dispa expire 2 lines
02-12 14:19:36.764  1422  4185 I chatty  : uid=1000(system) Binder_6 expire 1 line
02-12 14:19:39.226  3788 13687 I chatty  : uid=1000(system) com.android.systemui expire 1 line
02-12 14:19:47.477  6144  6144 W ViewRootImpl: Dropping event due to no window focus: KeyEvent { action=ACTION_DOWN, keyCode=KEYCODE_BACK, scanCode=158, metaState=0, flags=0x48, repeatCount=0, eventTime=1385344, downTime=1385344, deviceId=9, source=0x101 }
02-12 14:19:47.526  1422  3582 I chatty  : uid=1000(system) InputReader expire 51 lines
02-12 14:19:47.747  6144  6144 E ActivityThread: Service com.whatsapp.VoiceService has leaked ServiceConnection android.bluetooth.BluetoothHeadset$2@e61f87f that was originally bound here
02-12 14:19:47.747  6144  6144 E ActivityThread: android.app.ServiceConnectionLeaked: Service com.whatsapp.VoiceService has leaked ServiceConnection android.bluetooth.BluetoothHeadset$2@e61f87f that was originally bound here
02-12 14:19:47.747  6144  6144 E ActivityThread: 	at android.app.LoadedApk$ServiceDispatcher.<init>(LoadedApk.java:1094)
02-12 14:19:47.747  6144  6144 E ActivityThread: 	at android.app.LoadedApk.getServiceDispatcher(LoadedApk.java:988)
02-12 14:19:47.747  6144  6144 E ActivityThread: 	at android.app.ContextImpl.bindServiceCommon(ContextImpl.java:1313)
02-12 14:19:47.747  6144  6144 E ActivityThread: 	at android.app.ContextImpl.bindServiceAsUser(ContextImpl.java:1303)
02-12 14:19:47.747  6144  6144 E ActivityThread: 	at android.content.ContextWrapper.bindServiceAsUser(ContextWrapper.java:621)
02-12 14:19:47.747  6144  6144 E ActivityThread: 	at android.bluetooth.BluetoothHeadset.doBind(BluetoothHeadset.java:305)
02-12 14:19:47.747  6144  6144 E ActivityThread: 	at android.bluetooth.BluetoothHeadset.<init>(BluetoothHeadset.java:298)
02-12 14:19:47.747  6144  6144 E ActivityThread: 	at android.bluetooth.BluetoothAdapter.getProfileProxy(BluetoothAdapter.java:1936)
02-12 14:19:47.747  6144  6144 E ActivityThread: 	at com.whatsapp.VoiceService.onCreate(VoiceService.java:477)
02-12 14:19:47.747  6144  6144 E ActivityThread: 	at android.app.ActivityThread.handleCreateService(ActivityThread.java:2884)
02-12 14:19:47.747  6144  6144 E ActivityThread: 	at android.app.ActivityThread.access$1900(ActivityThread.java:153)
02-12 14:19:47.747  6144  6144 E ActivityThread: 	at android.app.ActivityThread$H.handleMessage(ActivityThread.java:1434)
02-12 14:19:47.747  6144  6144 E ActivityThread: 	at android.os.Handler.dispatchMessage(Handler.java:102)
02-12 14:19:47.747  6144  6144 E ActivityThread: 	at android.os.Looper.loop(Looper.java:148)
02-12 14:19:47.747  6144  6144 E ActivityThread: 	at android.app.ActivityThread.main(ActivityThread.java:5441)
02-12 14:19:47.747  6144  6144 E ActivityThread: 	at java.lang.reflect.Method.invoke(Native Method)
02-12 14:19:47.747  6144  6144 E ActivityThread: 	at com.android.internal.os.ZygoteInit$MethodAndArgsCaller.run(ZygoteInit.java:738)
02-12 14:19:47.747  6144  6144 E ActivityThread: 	at com.android.internal.os.ZygoteInit.main(ZygoteInit.java:628)
02-12 14:20:10.051  1422  4232 I chatty  : uid=1000(system) Binder_8 expire 2 lines
02-12 14:20:28.041  1422  3581 I chatty  : uid=1000(system) InputDispatcher expire 4 lines
02-12 14:20:31.123  1422  3644 I chatty  : uid=1000(system) ConnectivitySer expire 5 lines
02-12 14:20:33.258  1422  1443 I chatty  : uid=1000(system) PowerManagerSer expire 45 lines
02-12 14:20:33.367  3788  3788 I chatty  : uid=1000(system) com.android.systemui expire 4 lines
02-12 14:20:33.462  1422  1441 I chatty  : uid=1000(system) android.display expire 16 lines
02-12 14:20:33.562  1422  1432 I chatty  : uid=1000(system) Binder_1 expire 6 lines
02-12 14:20:33.885  1422  1422 I chatty  : uid=1000 system_server expire 60 lines
02-12 14:20:36.115  1422  3771 I chatty  : uid=1000(system) Binder_3 expire 3 lines
02-12 14:21:38.684  1422  1436 I chatty  : uid=1000(system) ActivityManager expire 8 lines
02-12 14:22:28.754  1422  1433 I chatty  : uid=1000(system) Binder_2 expire 4 lines
02-12 14:22:31.809  1422  4851 I chatty  : uid=1000(system) Binder_D expire 5 lines
02-12 14:22:45.004  1422  4830 I chatty  : uid=1000(system) Binder_B expire 2 lines
02-12 14:22:45.008  3788  5620 I chatty  : uid=1000(system) local_job_dispa expire 8 lines
02-12 14:22:45.131  4229  4229 I chatty  : uid=1000(system) com.miui.securitycenter.remote expire 7 lines
02-12 14:23:20.413  1422  4859 I chatty  : uid=1000(system) Binder_E expire 9 lines
02-12 14:23:36.970  1422  4185 I chatty  : uid=1000(system) Binder_6 expire 1 line
02-12 14:23:43.298  3788  3829 I chatty  : uid=1000(system) local_job_dispa expire 2 lines
02-12 14:23:43.377  1422  3802 I chatty  : uid=1000(system) Binder_4 expire 4 lines
02-12 14:23:46.977  1422  3582 I chatty  : uid=1000(system) InputReader expire 46 lines
02-12 14:23:47.778  3788 14456 I chatty  : uid=1000(system) com.android.systemui expire 1 line
02-12 14:24:08.307  1422  3889 I chatty  : uid=1000(system) Binder_5 expire 3 lines
02-12 14:24:28.828  1422  4235 I chatty  : uid=1000(system) Binder_9 expire 1 line
02-12 14:24:30.945  1422  4232 I chatty  : uid=1000(system) Binder_8 expire 2 lines
02-12 14:24:40.266  4173  4522 I chatty  : uid=1000(system) TrafficManageSe expire 1 line
02-12 14:24:47.236  1422  4844 I chatty  : uid=1000(system) Binder_C expire 2 lines
02-12 14:26:12.521  1422  4186 I chatty  : uid=1000(system) Binder_7 expire 1 line
02-12 14:28:20.444  1422  3581 I chatty  : uid=1000(system) InputDispatcher expire 1 line
02-12 14:28:28.561  3788 15133 I chatty  : uid=1000(system) com.android.systemui expire 1 line
02-12 14:28:41.658  1422  4868 I chatty  : uid=1000(system) Binder_F expire 1 line
02-12 14:28:43.420  1422  4816 I chatty  : uid=1000(system) Binder_A expire 1 line
02-12 14:29:47.692  1422  5256 I chatty  : uid=1000(system) Binder_10 expire 1 line
02-12 14:30:33.762  1422 15249 I chatty  : uid=1000 system_server expire 2 lines
02-12 14:30:33.781  1422 15245 I chatty  : uid=1000 system_server expire 2 lines
02-12 14:30:33.929  3788 15286 I chatty  : uid=1000(system) com.android.systemui expire 1 line
02-12 14:30:34.014  1422  1422 I chatty  : uid=1000 system_server expire 14 lines
02-12 14:30:34.030  4229  4229 I chatty  : uid=1000(system) com.miui.securitycenter.remote expire 3 lines
02-12 14:30:34.063  1422  1432 I chatty  : uid=1000(system) Binder_1 expire 1 line
02-12 14:30:34.069  1422  3802 I chatty  : uid=1000(system) Binder_4 expire 4 lines
02-12 14:30:34.076  5027  5027 I InCall  : Call - update Call_1 call, old state is INCOMING, new call detail is INCOMING
02-12 14:30:34.084  5027  5027 I InCall  : InCallPresenter - onCallListChange oldState= INCOMING newState=INCOMING
02-12 14:30:34.084  5027  5027 I InCall  : InCallPresenter - onCallListChange newState changed to INCOMING
02-12 14:30:34.091  5027  5027 I InCall  : Call - update Call_1 call, old state is INCOMING, new call detail is INCOMING
02-12 14:30:34.091  5027  5027 I InCall  : InCallPresenter - onCallListChange oldState= INCOMING newState=INCOMING
02-12 14:30:34.091  5027  5027 I InCall  : InCallPresenter - onCallListChange newState changed to INCOMING
02-12 14:30:34.184  1422  1443 I chatty  : uid=1000(system) PowerManagerSer expire 11 lines
02-12 14:30:34.200  1422  4816 I chatty  : uid=1000(system) Binder_A expire 4 lines
02-12 14:30:34.218  1422  3771 I chatty  : uid=1000(system) Binder_3 expire 3 lines
02-12 14:30:34.220  1422  5256 I chatty  : uid=1000(system) Binder_10 expire 1 line
02-12 14:30:34.291  1422  4185 I chatty  : uid=1000(system) Binder_6 expire 30 lines
02-12 14:30:34.292  5027  5027 I InCall  : Call - update Call_1 call, old state is INCOMING, new call detail is INCOMING
02-12 14:30:34.293  5027  5027 I InCall  : InCallPresenter - onCallListChange oldState= INCOMING newState=INCOMING
02-12 14:30:34.293  5027  5027 I InCall  : InCallPresenter - onCallListChange newState changed to INCOMING
02-12 14:30:34.313  5027  5027 I InCall  : Call - update Call_1 call, old state is INCOMING, new call detail is INCOMING
02-12 14:30:34.315  5027  5027 I InCall  : InCallPresenter - onCallListChange oldState= INCOMING newState=INCOMING
02-12 14:30:34.315  5027  5027 I InCall  : InCallPresenter - onCallListChange newState changed to INCOMING
02-12 14:30:34.325  5027  5027 I InCall  : Call - update Call_1 call, old state is INCOMING, new call detail is INCOMING
02-12 14:30:34.326  5027  5027 I InCall  : InCallPresenter - onCallListChange oldState= INCOMING newState=INCOMING
02-12 14:30:34.326  5027  5027 I InCall  : InCallPresenter - onCallListChange newState changed to INCOMING
02-12 14:30:34.333  1422 15249 I chatty  : uid=1000 system_server expire 1 line
02-12 14:30:34.343  5027  5027 I InCall  : Call - update Call_1 call, old state is INCOMING, new call detail is DISCONNECTED
02-12 14:30:34.350  5027  5027 I InCall  : InCallPresenter - onCallListChange oldState= INCOMING newState=INCALL
02-12 14:30:34.350  5027  5027 I InCall  : InCallPresenter - onCallListChange newState changed to INCALL
02-12 14:30:34.358  1422  1436 I chatty  : uid=1000(system) ActivityManager expire 3 lines
02-12 14:30:34.371  5027  5027 I InCall  : Call - update Call_1 call, old state is DISCONNECTED, new call detail is DISCONNECTED
02-12 14:30:34.373  5027  5027 I InCall  : InCallPresenter - onCallListChange oldState= INCALL newState=INCALL
02-12 14:30:34.373  5027  5027 I InCall  : InCallPresenter - onCallListChange newState changed to INCALL
02-12 14:30:34.388  5027  5027 I InCall  : InCallPresenter - onCallListChange oldState= INCALL newState=NO_CALLS
02-12 14:30:34.390  1422  4868 I chatty  : uid=1000(system) Binder_F expire 7 lines
02-12 14:30:34.414  5027  5027 I InCall  : InCallPresenter - onCallListChange newState changed to NO_CALLS
02-12 14:30:34.437  5027  5027 I InCall  : InCallPresenter - onCallListChange oldState= NO_CALLS newState=NO_CALLS
02-12 14:30:34.438  5027  5027 I InCall  : InCallPresenter - onCallListChange newState changed to NO_CALLS
02-12 14:30:34.454  1422  4235 I chatty  : uid=1000(system) Binder_9 expire 4 lines
02-12 14:30:34.460  1422  4851 I chatty  : uid=1000(system) Binder_D expire 5 lines
02-12 14:30:37.394  1422  3582 I chatty  : uid=1000(system) InputReader expire 15 lines
02-12 14:30:37.620  1422  1441 I chatty  : uid=1000(system) android.display expire 10 lines
02-12 14:30:39.387  5027  5027 I InCall  : InCallPresenter - onCallListChange oldState= NO_CALLS newState=NO_CALLS
02-12 14:30:39.388  5027  5027 I InCall  : InCallPresenter - onCallListChange newState changed to NO_CALLS
02-12 14:33:45.680  1422  3644 I chatty  : uid=1000(system) ConnectivitySer expire 12 lines
02-12 14:33:56.835  1422  4844 I chatty  : uid=1000(system) Binder_C expire 2 lines
02-12 14:34:00.080  1422  1435 I chatty  : uid=1000(system) android.bg expire 2 lines
02-12 14:34:07.501  1422  1433 I chatty  : uid=1000(system) Binder_2 expire 2 lines
02-12 14:34:50.277  1422  4186 I chatty  : uid=1000(system) Binder_7 expire 2 lines
02-12 14:34:50.686  1422  3643 I chatty  : uid=1000(system) WifiService expire 1 line
02-12 14:34:50.894   404   417 I Ext4Crypt: ext4 crypto complete called on /data
02-12 14:34:50.894   404   417 I Ext4Crypt: No master key, so not ext4enc
02-12 14:34:50.895  1422  3611 I chatty  : uid=1000(system) CryptdConnector expire 2 lines
02-12 14:34:50.895  1422  4185 I chatty  : uid=1000(system) Binder_6 expire 2 lines
02-12 14:34:50.896   404   417 D VoldCryptCmdListener: cryptfs getpwtype
02-12 14:34:50.896   404   417 I Ext4Crypt: ext4 crypto complete called on /data
02-12 14:34:50.896   404   417 I Ext4Crypt: No master key, so not ext4enc
02-12 14:34:51.681  1422  4830 I chatty  : uid=1000(system) Binder_B expire 4 lines
02-12 14:34:52.228  1422  3644 I chatty  : uid=1000(system) ConnectivitySer expire 87 lines
02-12 14:36:56.382  1422  3889 I chatty  : uid=1000(system) Binder_5 expire 2 lines
02-12 14:37:08.385  4173  4522 I chatty  : uid=1000(system) TrafficManageSe expire 4 lines
02-12 14:39:00.389  1422  4859 I chatty  : uid=1000(system) Binder_E expire 2 lines
02-12 14:40:00.005  1422  1422 I chatty  : uid=1000 system_server expire 3 lines
02-12 14:46:56.270  1422  4232 I chatty  : uid=1000(system) Binder_8 expire 2 lines
02-12 14:49:13.696  1422  3582 I chatty  : uid=1000(system) InputReader expire 5 lines
02-12 14:49:13.946  1422  1443 I chatty  : uid=1000(system) PowerManagerSer expire 3 lines
02-12 14:49:14.837  1422 16360 I chatty  : uid=1000 system_server expire 1 line
02-12 14:49:14.948  3788 16367 I chatty  : uid=1000(system) com.android.systemui expire 1 line
02-12 14:49:15.863  1422  3644 I chatty  : uid=1000(system) ConnectivitySer expire 38 lines
02-12 14:49:17.700  1422  1422 I chatty  : uid=1000 system_server expire 20 lines
02-12 14:49:17.718  4173  4522 I chatty  : uid=1000(system) TrafficManageSe expire 11 lines
02-12 14:49:18.836  1422 16509 I chatty  : uid=1000 system_server expire 1 line
02-12 14:49:24.083  1422  1436 I chatty  : uid=1000(system) ActivityManager expire 8 lines
02-12 14:49:24.112  1422  4232 I chatty  : uid=1000(system) Binder_8 expire 4 lines
02-12 14:49:24.113  1422  3802 I chatty  : uid=1000(system) Binder_4 expire 4 lines
02-12 14:49:27.323  6144  6144 E ActivityThread: Service com.whatsapp.VoiceService has leaked ServiceConnection android.bluetooth.BluetoothHeadset$2@ffcbea2 that was originally bound here
02-12 14:49:27.323  6144  6144 E ActivityThread: android.app.ServiceConnectionLeaked: Service com.whatsapp.VoiceService has leaked ServiceConnection android.bluetooth.BluetoothHeadset$2@ffcbea2 that was originally bound here
02-12 14:49:27.323  6144  6144 E ActivityThread: 	at android.app.LoadedApk$ServiceDispatcher.<init>(LoadedApk.java:1094)
02-12 14:49:27.323  6144  6144 E ActivityThread: 	at android.app.LoadedApk.getServiceDispatcher(LoadedApk.java:988)
02-12 14:49:27.323  6144  6144 E ActivityThread: 	at android.app.ContextImpl.bindServiceCommon(ContextImpl.java:1313)
02-12 14:49:27.323  6144  6144 E ActivityThread: 	at android.app.ContextImpl.bindServiceAsUser(ContextImpl.java:1303)
02-12 14:49:27.323  6144  6144 E ActivityThread: 	at android.content.ContextWrapper.bindServiceAsUser(ContextWrapper.java:621)
02-12 14:49:27.323  6144  6144 E ActivityThread: 	at android.bluetooth.BluetoothHeadset.doBind(BluetoothHeadset.java:305)
02-12 14:49:27.323  6144  6144 E ActivityThread: 	at android.bluetooth.BluetoothHeadset.<init>(BluetoothHeadset.java:298)
02-12 14:49:27.323  6144  6144 E ActivityThread: 	at android.bluetooth.BluetoothAdapter.getProfileProxy(BluetoothAdapter.java:1936)
02-12 14:49:27.323  6144  6144 E ActivityThread: 	at com.whatsapp.VoiceService.onCreate(VoiceService.java:477)
02-12 14:49:27.323  6144  6144 E ActivityThread: 	at android.app.ActivityThread.handleCreateService(ActivityThread.java:2884)
02-12 14:49:27.323  6144  6144 E ActivityThread: 	at android.app.ActivityThread.access$1900(ActivityThread.java:153)
02-12 14:49:27.323  6144  6144 E ActivityThread: 	at android.app.ActivityThread$H.handleMessage(ActivityThread.java:1434)
02-12 14:49:27.323  6144  6144 E ActivityThread: 	at android.os.Handler.dispatchMessage(Handler.java:102)
02-12 14:49:27.323  6144  6144 E ActivityThread: 	at android.os.Looper.loop(Looper.java:148)
02-12 14:49:27.323  6144  6144 E ActivityThread: 	at android.app.ActivityThread.main(ActivityThread.java:5441)
02-12 14:49:27.323  6144  6144 E ActivityThread: 	at java.lang.reflect.Method.invoke(Native Method)
02-12 14:49:27.323  6144  6144 E ActivityThread: 	at com.android.internal.os.ZygoteInit$MethodAndArgsCaller.run(ZygoteInit.java:738)
02-12 14:49:27.323  6144  6144 E ActivityThread: 	at com.android.internal.os.ZygoteInit.main(ZygoteInit.java:628)
02-12 14:49:32.185  1422  3644 I chatty  : uid=1000(system) ConnectivitySer expire 10 lines
02-12 14:50:14.389  1422  4186 I chatty  : uid=1000(system) Binder_7 expire 1 line
02-12 14:50:14.851  1422  4816 I chatty  : uid=1000(system) Binder_A expire 6 lines
02-12 14:50:15.021  1422  4844 I chatty  : uid=1000(system) Binder_C expire 4 lines
02-12 14:51:15.060  1422  4868 I chatty  : uid=1000(system) Binder_F expire 5 lines
02-12 14:52:14.413  1422  3771 I chatty  : uid=1000(system) Binder_3 expire 8 lines
02-12 14:52:15.080  1422  4830 I chatty  : uid=1000(system) Binder_B expire 7 lines
02-12 14:54:41.679  1422  1433 I chatty  : uid=1000(system) Binder_2 expire 5 lines
02-12 14:55:05.017  1422  3582 I chatty  : uid=1000(system) InputReader expire 69 lines
02-12 14:55:05.018  1422  3581 I chatty  : uid=1000(system) InputDispatcher expire 8 lines
02-12 14:55:05.042  1422  1443 I chatty  : uid=1000(system) PowerManagerSer expire 8 lines
02-12 14:55:05.048  1422  1441 I chatty  : uid=1000(system) android.display expire 3 lines
02-12 14:55:05.049  3788  5620 I chatty  : uid=1000(system) local_job_dispa expire 2 lines
02-12 14:55:05.253  4229  4229 I chatty  : uid=1000(system) com.miui.securitycenter.remote expire 2 lines
02-12 14:55:05.301  1422  3889 I chatty  : uid=1000(system) Binder_5 expire 6 lines
02-12 14:55:05.302  1422  4185 I chatty  : uid=1000(system) Binder_6 expire 4 lines
02-12 14:55:05.411  1422  4235 I chatty  : uid=1000(system) Binder_9 expire 3 lines
02-12 14:55:06.400  1422  4859 I chatty  : uid=1000(system) Binder_E expire 4 lines
02-12 14:55:11.043  1422  4851 I chatty  : uid=1000(system) Binder_D expire 3 lines
02-12 14:55:19.088  3788  3788 I chatty  : uid=1000(system) com.android.systemui expire 1 line
02-12 14:57:40.547  1422  5256 I chatty  : uid=1000(system) Binder_10 expire 4 lines
02-12 14:58:06.114  1422  1432 I chatty  : uid=1000(system) Binder_1 expire 5 lines
02-12 14:58:33.592  3788 17901 I chatty  : uid=1000(system) com.android.systemui expire 1 line
02-12 15:00:19.728 16843 16843 W ViewRootImpl: Dropping event due to root view being removed: KeyEvent { action=ACTION_UP, keyCode=KEYCODE_BACK, scanCode=158, metaState=0, flags=0x48, repeatCount=0, eventTime=3261609, downTime=3261501, deviceId=9, source=0x101 }
02-12 15:00:19.982  1422  3582 I chatty  : uid=1000(system) InputReader expire 35 lines
02-12 15:00:20.105  1422  5256 I chatty  : uid=1000(system) Binder_10 expire 18 lines
02-12 15:00:20.122  1422  3802 I chatty  : uid=1000(system) Binder_4 expire 4 lines
02-12 15:00:20.924  1422  3581 I chatty  : uid=1000(system) InputDispatcher expire 3 lines
02-12 15:00:21.602  1422  4816 I chatty  : uid=1000(system) Binder_A expire 3 lines
02-12 15:00:21.637  1422  4868 I chatty  : uid=1000(system) Binder_F expire 2 lines
02-12 15:00:21.670  1422  4235 I chatty  : uid=1000(system) Binder_9 expire 5 lines
02-12 15:00:25.630  1422  1443 I chatty  : uid=1000(system) PowerManagerSer expire 16 lines
02-12 15:00:25.683  1422  1441 I chatty  : uid=1000(system) android.display expire 9 lines
02-12 15:00:25.696  3788  3788 I chatty  : uid=1000(system) com.android.systemui expire 2 lines
02-12 15:00:25.981  1422  3644 I chatty  : uid=1000(system) ConnectivitySer expire 1 line
02-12 15:00:26.052  3788  5620 I chatty  : uid=1000(system) local_job_dispa expire 3 lines
02-12 15:00:26.362  1422  1422 I chatty  : uid=1000 system_server expire 47 lines
02-12 15:00:26.422  1422  4232 I chatty  : uid=1000(system) Binder_8 expire 20 lines
02-12 15:00:26.496  4229  4229 I chatty  : uid=1000(system) com.miui.securitycenter.remote expire 3 lines
02-12 15:00:46.961  1422  1432 I chatty  : uid=1000(system) Binder_1 expire 10 lines
02-12 15:01:07.516  1422  4859 I chatty  : uid=1000(system) Binder_E expire 5 lines
02-12 15:01:07.548  1422  1436 I chatty  : uid=1000(system) ActivityManager expire 7 lines
02-12 15:03:00.545  1422  4186 I chatty  : uid=1000(system) Binder_7 expire 2 lines
02-12 15:03:02.072  1422  1433 I chatty  : uid=1000(system) Binder_2 expire 3 lines
02-12 15:03:08.152  1422  4830 I chatty  : uid=1000(system) Binder_B expire 1 line
02-12 15:03:12.699  1422  1435 I chatty  : uid=1000(system) android.bg expire 1 line
02-12 15:08:15.123  1422  3771 I chatty  : uid=1000(system) Binder_3 expire 2 lines
02-12 15:08:19.021  1422  4844 I chatty  : uid=1000(system) Binder_C expire 3 lines
02-12 15:09:13.068  1422 18714 I chatty  : uid=1000 system_server expire 3 lines
02-12 15:09:13.083  1422 18710 I chatty  : uid=1000 system_server expire 2 lines
02-12 15:09:13.337  3788 18788 I chatty  : uid=1000(system) com.android.systemui expire 1 line
02-12 15:09:13.393  5027  5027 I InCall  : Call - update Call_2 call, old state is INCOMING, new call detail is INCOMING
02-12 15:09:13.394  5027  5027 I InCall  : InCallPresenter - onCallListChange oldState= INCOMING newState=INCOMING
02-12 15:09:13.395  5027  5027 I InCall  : InCallPresenter - onCallListChange newState changed to INCOMING
02-12 15:09:13.395  1422  3889 I chatty  : uid=1000(system) Binder_5 expire 2 lines
02-12 15:09:13.481  1422  1422 I chatty  : uid=1000 system_server expire 9 lines
02-12 15:09:13.495  5027  5027 I InCall  : Call - update Call_2 call, old state is INCOMING, new call detail is INCOMING
02-12 15:09:13.496  5027  5027 I InCall  : InCallPresenter - onCallListChange oldState= INCOMING newState=INCOMING
02-12 15:09:13.496  5027  5027 I InCall  : InCallPresenter - onCallListChange newState changed to INCOMING
02-12 15:09:13.523  1422  1443 I chatty  : uid=1000(system) PowerManagerSer expire 3 lines
02-12 15:09:13.574  1422  4851 I chatty  : uid=1000(system) Binder_D expire 1 line
02-12 15:09:15.144  5027  5027 I InCall  : Call - update Call_2 call, old state is INCOMING, new call detail is INCOMING
02-12 15:09:15.145  1422  5256 I chatty  : uid=1000(system) Binder_10 expire 12 lines
02-12 15:09:15.145  5027  5027 I InCall  : InCallPresenter - onCallListChange oldState= INCOMING newState=INCOMING
02-12 15:09:15.146  5027  5027 I InCall  : InCallPresenter - onCallListChange newState changed to INCOMING
02-12 15:09:15.164  5027  5027 I InCall  : Call - update Call_2 call, old state is INCOMING, new call detail is ACTIVE
02-12 15:09:15.165  5027  5027 I InCall  : InCallPresenter - onCallListChange oldState= INCOMING newState=INCALL
02-12 15:09:15.165  5027  5027 I InCall  : InCallPresenter - onCallListChange newState changed to INCALL
02-12 15:09:15.269  5027  5027 I InCall  : Call - update Call_2 call, old state is ACTIVE, new call detail is ACTIVE
02-12 15:09:15.269  5027  5027 I InCall  : InCallPresenter - onCallListChange oldState= INCALL newState=INCALL
02-12 15:09:15.269  5027  5027 I InCall  : InCallPresenter - onCallListChange newState changed to INCALL
02-12 15:09:15.331  5027  5027 I InCall  : Call - update Call_2 call, old state is ACTIVE, new call detail is ACTIVE
02-12 15:09:15.332  5027  5027 I InCall  : InCallPresenter - onCallListChange oldState= INCALL newState=INCALL
02-12 15:09:15.332  5027  5027 I InCall  : InCallPresenter - onCallListChange newState changed to INCALL
02-12 15:09:15.352  5027  5027 I InCall  : Call - update Call_2 call, old state is ACTIVE, new call detail is ACTIVE
02-12 15:09:15.353  5027  5027 I InCall  : InCallPresenter - onCallListChange oldState= INCALL newState=INCALL
02-12 15:09:15.353  5027  5027 I InCall  : InCallPresenter - onCallListChange newState changed to INCALL
02-12 15:09:15.360  5027  5027 I InCall  : Call - update Call_2 call, old state is ACTIVE, new call detail is ACTIVE
02-12 15:09:15.361  5027  5027 I InCall  : InCallPresenter - onCallListChange oldState= INCALL newState=INCALL
02-12 15:09:15.361  5027  5027 I InCall  : InCallPresenter - onCallListChange newState changed to INCALL
02-12 15:09:17.641  1422  1432 I chatty  : uid=1000(system) Binder_1 expire 1 line
02-12 15:10:22.423  5027  5027 I InCall  : Call - update Call_2 call, old state is ACTIVE, new call detail is ACTIVE
02-12 15:10:22.424  5027  5027 I InCall  : InCallPresenter - onCallListChange oldState= INCALL newState=INCALL
02-12 15:10:22.424  5027  5027 I InCall  : InCallPresenter - onCallListChange newState changed to INCALL
02-12 15:10:22.449  5027  5027 I InCall  : Call - update Call_2 call, old state is ACTIVE, new call detail is ACTIVE
02-12 15:10:22.450  5027  5027 I InCall  : InCallPresenter - onCallListChange oldState= INCALL newState=INCALL
02-12 15:10:22.450  5027  5027 I InCall  : InCallPresenter - onCallListChange newState changed to INCALL
02-12 15:10:22.461  1422  4232 I chatty  : uid=1000(system) Binder_8 expire 10 lines
02-12 15:10:22.462  5027  5027 I InCall  : Call - update Call_2 call, old state is ACTIVE, new call detail is DISCONNECTED
02-12 15:10:22.471  5027  5027 I InCall  : InCallPresenter - onCallListChange oldState= INCALL newState=INCALL
02-12 15:10:22.471  5027  5027 I InCall  : InCallPresenter - onCallListChange newState changed to INCALL
02-12 15:10:22.488  1422  4185 I chatty  : uid=1000(system) Binder_6 expire 1 line
02-12 15:10:22.499  5027  5027 I InCall  : Call - update Call_2 call, old state is DISCONNECTED, new call detail is DISCONNECTED
02-12 15:10:22.504  5027  5027 I InCall  : InCallPresenter - onCallListChange oldState= INCALL newState=INCALL
02-12 15:10:22.504  5027  5027 I InCall  : InCallPresenter - onCallListChange newState changed to INCALL
02-12 15:10:22.514  5027  5027 I InCall  : Call - update Call_2 call, old state is DISCONNECTED, new call detail is DISCONNECTED
02-12 15:10:22.516  5027  5027 I InCall  : InCallPresenter - onCallListChange oldState= INCALL newState=INCALL
02-12 15:10:22.516  5027  5027 I InCall  : InCallPresenter - onCallListChange newState changed to INCALL
02-12 15:10:23.409  1422  3582 I chatty  : uid=1000(system) InputReader expire 10 lines
02-12 15:10:23.964  1422  1443 I chatty  : uid=1000(system) PowerManagerSer expire 8 lines
02-12 15:10:24.033  3788  3788 I chatty  : uid=1000(system) com.android.systemui expire 2 lines
02-12 15:10:24.406  1422  1422 I chatty  : uid=1000 system_server expire 29 lines
02-12 15:10:24.465  5027  5027 I InCall  : InCallPresenter - onCallListChange oldState= INCALL newState=NO_CALLS
02-12 15:10:24.477  1422  5256 I chatty  : uid=1000(system) Binder_10 expire 10 lines
02-12 15:10:24.532  1422  1433 I chatty  : uid=1000(system) Binder_2 expire 7 lines
02-12 15:10:24.544  5027  5027 I InCall  : InCallPresenter - onCallListChange newState changed to NO_CALLS
02-12 15:10:24.579  5027  5027 I InCall  : InCallPresenter - onCallListChange oldState= NO_CALLS newState=NO_CALLS
02-12 15:10:24.580  5027  5027 I InCall  : InCallPresenter - onCallListChange newState changed to NO_CALLS
02-12 15:10:24.582  5027  5027 I InCall  : InCallPresenter - onCallListChange oldState= NO_CALLS newState=NO_CALLS
02-12 15:10:24.583  5027  5027 I InCall  : InCallPresenter - onCallListChange newState changed to NO_CALLS
02-12 15:10:27.529  5027  5027 I InCall  : InCallPresenter - onCallListChange oldState= NO_CALLS newState=NO_CALLS
02-12 15:10:27.530  5027  5027 I InCall  : InCallPresenter - onCallListChange newState changed to NO_CALLS
02-12 15:15:17.507  1422  3771 I chatty  : uid=1000(system) Binder_3 expire 10 lines
02-12 15:15:17.627  1422  4830 I chatty  : uid=1000(system) Binder_B expire 4 lines
02-12 15:15:17.633  1422  1432 I chatty  : uid=1000(system) Binder_1 expire 4 lines
02-12 15:15:18.971  1422  4851 I chatty  : uid=1000(system) Binder_D expire 7 lines
02-12 15:15:21.506  1422  4816 I chatty  : uid=1000(system) Binder_A expire 8 lines
02-12 15:16:28.587  1422  1436 I chatty  : uid=1000(system) ActivityManager expire 12 lines
02-12 15:16:52.411  1422  3580 I chatty  : uid=1000(system) AlarmManager expire 1 line
02-12 15:16:52.739  1422  4844 I chatty  : uid=1000(system) Binder_C expire 12 lines
02-12 15:16:52.739  1422  3643 I chatty  : uid=1000(system) WifiService expire 1 line
02-12 15:16:55.345  1422  3889 I chatty  : uid=1000(system) Binder_5 expire 10 lines
02-12 15:16:55.350  3788  5620 I chatty  : uid=1000(system) local_job_dispa expire 1 line
02-12 15:16:55.388  1422  1441 I chatty  : uid=1000(system) android.display expire 2 lines
02-12 15:16:55.473  4229  4229 I chatty  : uid=1000(system) com.miui.securitycenter.remote expire 3 lines
02-12 15:16:58.588  1422  4868 I chatty  : uid=1000(system) Binder_F expire 8 lines
02-12 15:16:58.623  3788  3829 I chatty  : uid=1000(system) local_job_dispa expire 1 line
02-12 15:16:58.951  1422  4185 I chatty  : uid=1000(system) Binder_6 expire 6 lines
02-12 15:20:22.116  1422  4235 I chatty  : uid=1000(system) Binder_9 expire 9 lines
02-12 15:25:18.833  4173  4522 I chatty  : uid=1000(system) TrafficManageSe expire 8 lines
02-12 15:35:19.251  1422  4186 I chatty  : uid=1000(system) Binder_7 expire 7 lines
02-12 15:44:16.753  1422  4232 I chatty  : uid=1000(system) Binder_8 expire 4 lines
02-12 15:44:17.773 20005 20005 I chatty  : uid=1000(system) com.android.settings:remote expire 2 lines
02-12 15:44:17.832 20005 20027 I chatty  : uid=1000(system) com.android.settings:remote expire 1 line
02-12 15:44:18.185  1422  3644 I chatty  : uid=1000(system) ConnectivitySer expire 52 lines
02-12 15:51:26.323  1422  4859 I chatty  : uid=1000(system) Binder_E expire 4 lines
02-12 15:54:50.558  1422  3802 I chatty  : uid=1000(system) Binder_4 expire 1 line
02-12 15:56:51.813  1422 20466 I chatty  : uid=1000 system_server expire 1 line
02-12 15:56:51.954  3788 20483 I chatty  : uid=1000(system) com.android.systemui expire 1 line
02-12 15:56:55.776  1422 20624 I chatty  : uid=1000 system_server expire 1 line
02-12 15:58:26.551   404   417 I Ext4Crypt: ext4 crypto complete called on /data
02-12 15:58:26.551   404   417 I Ext4Crypt: No master key, so not ext4enc
02-12 15:58:26.553  1422  3611 I chatty  : uid=1000(system) CryptdConnector expire 2 lines
02-12 15:58:26.554   404   417 D VoldCryptCmdListener: cryptfs getpwtype
02-12 15:58:26.554   404   417 I Ext4Crypt: ext4 crypto complete called on /data
02-12 15:58:26.554   404   417 I Ext4Crypt: No master key, so not ext4enc
02-12 15:59:47.022  1422  3771 I chatty  : uid=1000(system) Binder_3 expire 3 lines
02-12 16:00:00.517  1422  1435 I chatty  : uid=1000(system) android.bg expire 1 line
02-12 16:01:17.462  1422  5256 I chatty  : uid=1000(system) Binder_10 expire 1 line
02-12 16:01:50.298  1422  1422 I chatty  : uid=1000 system_server expire 26 lines
02-12 16:07:18.919  1422  4186 I chatty  : uid=1000(system) Binder_7 expire 8 lines
02-12 16:07:43.654  1422  3889 I chatty  : uid=1000(system) Binder_5 expire 7 lines
02-12 16:08:34.473  1422  4851 I chatty  : uid=1000(system) Binder_D expire 6 lines
02-12 16:09:16.861  1422  4859 I chatty  : uid=1000(system) Binder_E expire 9 lines
02-12 16:09:27.296  1422  4844 I chatty  : uid=1000(system) Binder_C expire 9 lines
02-12 16:09:45.633  1422  5256 I chatty  : uid=1000(system) Binder_10 expire 6 lines
02-12 16:09:55.357  1422  3802 I chatty  : uid=1000(system) Binder_4 expire 5 lines
02-12 16:11:17.714  1422  3771 I chatty  : uid=1000(system) Binder_3 expire 9 lines
02-12 16:11:52.083  1422  1433 I chatty  : uid=1000(system) Binder_2 expire 11 lines
02-12 16:12:00.916  1422  1432 I chatty  : uid=1000(system) Binder_1 expire 6 lines
02-12 16:12:48.257  1422  4232 I chatty  : uid=1000(system) Binder_8 expire 8 lines
02-12 16:13:25.291  1422  4185 I chatty  : uid=1000(system) Binder_6 expire 8 lines
02-12 16:14:07.375  1422  4830 I chatty  : uid=1000(system) Binder_B expire 5 lines
02-12 16:14:08.474  1422  1436 I chatty  : uid=1000(system) ActivityManager expire 11 lines
02-12 16:16:58.183  1422  4868 I chatty  : uid=1000(system) Binder_F expire 5 lines
02-12 16:20:16.726  1422 21970 I chatty  : uid=1000 system_server expire 1 line
02-12 16:20:16.824  3788 21977 I chatty  : uid=1000(system) com.android.systemui expire 1 line
02-12 16:20:17.687  1422  3644 I chatty  : uid=1000(system) ConnectivitySer expire 49 lines
02-12 16:20:17.746  4173  4522 I chatty  : uid=1000(system) TrafficManageSe expire 13 lines
02-12 16:20:21.036  1422 22139 I chatty  : uid=1000 system_server expire 1 line
02-12 16:21:08.111  1422  3651 I chatty  : uid=1000(system) LocationPolicy expire 2 lines
02-12 16:21:08.158  1422  1435 I chatty  : uid=1000(system) android.bg expire 5 lines
02-12 16:21:09.780  1422  4235 I chatty  : uid=1000(system) Binder_9 expire 3 lines
02-12 16:25:05.951  1422  4816 I chatty  : uid=1000(system) Binder_A expire 4 lines
02-12 16:39:55.056  1422  1443 I chatty  : uid=1000(system) PowerManagerSer expire 9 lines
02-12 16:39:55.063  3788  5620 I chatty  : uid=1000(system) local_job_dispa expire 2 lines
02-12 16:39:55.064  1422  1441 I chatty  : uid=1000(system) android.display expire 3 lines
02-12 16:39:55.189  3788  3788 I chatty  : uid=1000(system) com.android.systemui expire 1 line
02-12 16:39:55.701  4229  4229 I chatty  : uid=1000(system) com.miui.securitycenter.remote expire 2 lines
02-12 16:39:56.063  3811  3811 I chatty  : uid=1000(system) com.android.settings expire 1 line
02-12 16:39:56.077  3811 23463 I chatty  : uid=1000(system) com.android.settings expire 1 line
02-12 16:39:56.154  1422  3582 I chatty  : uid=1000(system) InputReader expire 10 lines
02-12 16:39:56.400   404   417 I Ext4Crypt: ext4 crypto complete called on /data
02-12 16:39:56.400   404   417 I Ext4Crypt: No master key, so not ext4enc
02-12 16:39:56.401  1422  3611 I chatty  : uid=1000(system) CryptdConnector expire 2 lines
02-12 16:39:56.401   404   417 D VoldCryptCmdListener: cryptfs getpwtype
02-12 16:39:56.401   404   417 I Ext4Crypt: ext4 crypto complete called on /data
02-12 16:39:56.401   404   417 I Ext4Crypt: No master key, so not ext4enc
02-12 16:40:01.852 23556 23556 W ActivityThread: ClassLoader.loadClass: The class loader returned by Thread.getContextClassLoader() may fail for processes that host multiple applications. You should explicitly specify a context class loader. For example: Thread.setContextClassLoader(getClass().getClassLoader());
02-12 16:40:07.745  1422  1422 I chatty  : uid=1000 system_server expire 8 lines
02-12 16:40:34.349  3788  3829 I chatty  : uid=1000(system) local_job_dispa expire 1 line
02-12 16:40:34.727 12711 12711 E ActivityThread: Performing stop of activity that is not resumed: {com.google.android.gm/com.google.android.gm.ConversationListActivityGmail}
02-12 16:40:34.727 12711 12711 E ActivityThread: java.lang.RuntimeException: Performing stop of activity that is not resumed: {com.google.android.gm/com.google.android.gm.ConversationListActivityGmail}
02-12 16:40:34.727 12711 12711 E ActivityThread: 	at android.app.ActivityThread.performStopActivityInner(ActivityThread.java:3472)
02-12 16:40:34.727 12711 12711 E ActivityThread: 	at android.app.ActivityThread.handleStopActivity(ActivityThread.java:3557)
02-12 16:40:34.727 12711 12711 E ActivityThread: 	at android.app.ActivityThread.access$1200(ActivityThread.java:153)
02-12 16:40:34.727 12711 12711 E ActivityThread: 	at android.app.ActivityThread$H.handleMessage(ActivityThread.java:1380)
02-12 16:40:34.727 12711 12711 E ActivityThread: 	at android.os.Handler.dispatchMessage(Handler.java:102)
02-12 16:40:34.727 12711 12711 E ActivityThread: 	at android.os.Looper.loop(Looper.java:148)
02-12 16:40:34.727 12711 12711 E ActivityThread: 	at android.app.ActivityThread.main(ActivityThread.java:5441)
02-12 16:40:34.727 12711 12711 E ActivityThread: 	at java.lang.reflect.Method.invoke(Native Method)
02-12 16:40:34.727 12711 12711 E ActivityThread: 	at com.android.internal.os.ZygoteInit$MethodAndArgsCaller.run(ZygoteInit.java:738)
02-12 16:40:34.727 12711 12711 E ActivityThread: 	at com.android.internal.os.ZygoteInit.main(ZygoteInit.java:628)
02-12 16:40:34.863  1422  1436 I chatty  : uid=1000(system) ActivityManager expire 9 lines
02-12 16:40:47.725  1422  1441 I chatty  : uid=1000(system) android.display expire 7 lines
02-12 16:40:47.762  3788  3788 I chatty  : uid=1000(system) com.android.systemui expire 3 lines
02-12 16:40:47.812  1422  1432 I chatty  : uid=1000(system) Binder_1 expire 2 lines
02-12 16:40:47.812  1422  4232 I chatty  : uid=1000(system) Binder_8 expire 19 lines
02-12 16:40:47.813  1422  3644 I chatty  : uid=1000(system) ConnectivitySer expire 4 lines
02-12 16:40:47.900  1422  3771 I chatty  : uid=1000(system) Binder_3 expire 17 lines
02-12 16:40:47.906  1422  1435 I chatty  : uid=1000(system) android.bg expire 1 line
02-12 16:40:48.795  4173  4522 I chatty  : uid=1000(system) TrafficManageSe expire 30 lines
02-12 16:41:38.443  1422  4868 I chatty  : uid=1000(system) Binder_F expire 4 lines
02-12 16:42:34.613  1422  3582 I chatty  : uid=1000(system) InputReader expire 27 lines
02-12 16:43:08.673  1422  3802 I chatty  : uid=1000(system) Binder_4 expire 6 lines
02-12 16:43:38.459  1422  4844 I chatty  : uid=1000(system) Binder_C expire 3 lines
02-12 16:45:23.731  1422  1433 I chatty  : uid=1000(system) Binder_2 expire 3 lines
02-12 16:45:24.437  1422  4830 I chatty  : uid=1000(system) Binder_B expire 11 lines
02-12 16:45:47.195  1422  4859 I chatty  : uid=1000(system) Binder_E expire 4 lines
02-12 16:45:49.050  1422  5256 I chatty  : uid=1000(system) Binder_10 expire 5 lines
02-12 16:46:05.971  1422  3581 I chatty  : uid=1000(system) InputDispatcher expire 4 lines
02-12 16:46:06.586  1422  4851 I chatty  : uid=1000(system) Binder_D expire 4 lines
02-12 16:46:06.608  1422  3889 I chatty  : uid=1000(system) Binder_5 expire 1 line
02-12 16:46:25.680  1422  1443 I chatty  : uid=1000(system) PowerManagerSer expire 7 lines
02-12 16:46:26.169  1422  4186 I chatty  : uid=1000(system) Binder_7 expire 10 lines
02-12 16:46:26.197  1422  1422 I chatty  : uid=1000 system_server expire 24 lines
02-12 16:48:23.509  1422 24324 I chatty  : uid=1000 system_server expire 1 line
02-12 16:48:23.873  1422 24341 I chatty  : uid=1000 system_server expire 3 lines
02-12 16:48:23.885  1422 24322 I chatty  : uid=1000 system_server expire 2 lines
02-12 16:48:23.939  3788  5620 I chatty  : uid=1000(system) local_job_dispa expire 1 line
02-12 16:48:24.067  3788 24360 I chatty  : uid=1000(system) com.android.systemui expire 1 line
02-12 16:48:24.105  5027  5027 I InCall  : Call - update Call_3 call, old state is INCOMING, new call detail is INCOMING
02-12 16:48:24.106  5027  5027 I InCall  : InCallPresenter - onCallListChange oldState= INCOMING newState=INCOMING
02-12 16:48:24.106  5027  5027 I InCall  : InCallPresenter - onCallListChange newState changed to INCOMING
02-12 16:48:24.137  5027  5027 I InCall  : Call - update Call_3 call, old state is INCOMING, new call detail is INCOMING
02-12 16:48:24.138  5027  5027 I InCall  : InCallPresenter - onCallListChange oldState= INCOMING newState=INCOMING
02-12 16:48:24.138  5027  5027 I InCall  : InCallPresenter - onCallListChange newState changed to INCOMING
02-12 16:48:24.147  1422  1422 I chatty  : uid=1000 system_server expire 10 lines
02-12 16:48:24.228  4229  4229 I chatty  : uid=1000(system) com.miui.securitycenter.remote expire 1 line
02-12 16:48:24.299  1422  4816 I chatty  : uid=1000(system) Binder_A expire 1 line
02-12 16:48:27.364  5027  5027 I InCall  : Call - update Call_3 call, old state is INCOMING, new call detail is INCOMING
02-12 16:48:27.366  5027  5027 I InCall  : InCallPresenter - onCallListChange oldState= INCOMING newState=INCOMING
02-12 16:48:27.366  5027  5027 I InCall  : InCallPresenter - onCallListChange newState changed to INCOMING
02-12 16:48:27.394  5027  5027 I InCall  : Call - update Call_3 call, old state is INCOMING, new call detail is ACTIVE
02-12 16:48:27.395  5027  5027 I InCall  : InCallPresenter - onCallListChange oldState= INCOMING newState=INCALL
02-12 16:48:27.395  5027  5027 I InCall  : InCallPresenter - onCallListChange newState changed to INCALL
02-12 16:48:27.399  1422  4232 I chatty  : uid=1000(system) Binder_8 expire 4 lines
02-12 16:48:27.473  5027  5027 I InCall  : Call - update Call_3 call, old state is ACTIVE, new call detail is ACTIVE
02-12 16:48:27.473  5027  5027 I InCall  : InCallPresenter - onCallListChange oldState= INCALL newState=INCALL
02-12 16:48:27.473  5027  5027 I InCall  : InCallPresenter - onCallListChange newState changed to INCALL
02-12 16:48:27.482  5027  5027 I InCall  : Call - update Call_3 call, old state is ACTIVE, new call detail is ACTIVE
02-12 16:48:27.483  5027  5027 I InCall  : InCallPresenter - onCallListChange oldState= INCALL newState=INCALL
02-12 16:48:27.483  5027  5027 I InCall  : InCallPresenter - onCallListChange newState changed to INCALL
02-12 16:48:27.492  5027  5027 I InCall  : Call - update Call_3 call, old state is ACTIVE, new call detail is ACTIVE
02-12 16:48:27.493  5027  5027 I InCall  : InCallPresenter - onCallListChange oldState= INCALL newState=INCALL
02-12 16:48:27.493  5027  5027 I InCall  : InCallPresenter - onCallListChange newState changed to INCALL
02-12 16:48:27.521  5027  5027 I InCall  : Call - update Call_3 call, old state is ACTIVE, new call detail is ACTIVE
02-12 16:48:27.522  5027  5027 I InCall  : InCallPresenter - onCallListChange oldState= INCALL newState=INCALL
02-12 16:48:27.522  5027  5027 I InCall  : InCallPresenter - onCallListChange newState changed to INCALL
02-12 16:49:39.592  5027  5027 I InCall  : Call - update Call_3 call, old state is ACTIVE, new call detail is DISCONNECTING
02-12 16:49:39.593  5027  5027 I InCall  : InCallPresenter - onCallListChange oldState= INCALL newState=INCALL
02-12 16:49:39.593  5027  5027 I InCall  : InCallPresenter - onCallListChange newState changed to INCALL
02-12 16:49:39.609  5027  5027 I InCall  : Call - update Call_3 call, old state is DISCONNECTING, new call detail is DISCONNECTING
02-12 16:49:39.609  1422  4830 I chatty  : uid=1000(system) Binder_B expire 18 lines
02-12 16:49:39.609  5027  5027 I InCall  : InCallPresenter - onCallListChange oldState= INCALL newState=INCALL
02-12 16:49:39.610  5027  5027 I InCall  : InCallPresenter - onCallListChange newState changed to INCALL
02-12 16:49:39.630  5027  5027 I InCall  : Call - update Call_3 call, old state is DISCONNECTING, new call detail is DISCONNECTING
02-12 16:49:39.630  5027  5027 I InCall  : InCallPresenter - onCallListChange oldState= INCALL newState=INCALL
02-12 16:49:39.631  5027  5027 I InCall  : InCallPresenter - onCallListChange newState changed to INCALL
02-12 16:49:39.638  5027  5027 I InCall  : Call - update Call_3 call, old state is DISCONNECTING, new call detail is DISCONNECTED
02-12 16:49:39.647  5027  5027 I InCall  : InCallPresenter - onCallListChange oldState= INCALL newState=INCALL
02-12 16:49:39.647  5027  5027 I InCall  : InCallPresenter - onCallListChange newState changed to INCALL
02-12 16:49:39.666  5027  5027 I InCall  : Call - update Call_3 call, old state is DISCONNECTED, new call detail is DISCONNECTED
02-12 16:49:39.669  5027  5027 I InCall  : InCallPresenter - onCallListChange oldState= INCALL newState=INCALL
02-12 16:49:39.670  5027  5027 I InCall  : InCallPresenter - onCallListChange newState changed to INCALL
02-12 16:49:39.690  5027  5027 I InCall  : Call - update Call_3 call, old state is DISCONNECTED, new call detail is DISCONNECTED
02-12 16:49:39.692  5027  5027 I InCall  : InCallPresenter - onCallListChange oldState= INCALL newState=INCALL
02-12 16:49:39.692  5027  5027 I InCall  : InCallPresenter - onCallListChange newState changed to INCALL
02-12 16:49:39.698  5027  5027 I InCall  : Call - update Call_3 call, old state is DISCONNECTED, new call detail is DISCONNECTED
02-12 16:49:39.700  5027  5027 I InCall  : InCallPresenter - onCallListChange oldState= INCALL newState=INCALL
02-12 16:49:39.700  5027  5027 I InCall  : InCallPresenter - onCallListChange newState changed to INCALL
02-12 16:49:39.840  5027  5027 I InCall  : InCallPresenter - onCallListChange oldState= INCALL newState=NO_CALLS
02-12 16:49:39.843  5027  5027 I InCall  : InCallPresenter - onCallListChange newState changed to NO_CALLS
02-12 16:49:39.879  5027  5027 I InCall  : InCallPresenter - onCallListChange oldState= NO_CALLS newState=NO_CALLS
02-12 16:49:39.879  5027  5027 I InCall  : InCallPresenter - onCallListChange newState changed to NO_CALLS
02-12 16:49:39.901  5027  5027 I InCall  : InCallPresenter - onCallListChange oldState= NO_CALLS newState=NO_CALLS
02-12 16:49:39.902  5027  5027 I InCall  : InCallPresenter - onCallListChange newState changed to NO_CALLS
02-12 16:49:39.909  5027  5027 I InCall  : InCallPresenter - onCallListChange oldState= NO_CALLS newState=NO_CALLS
02-12 16:49:39.909  5027  5027 I InCall  : InCallPresenter - onCallListChange newState changed to NO_CALLS
02-12 16:49:39.959  1422  3582 I chatty  : uid=1000(system) InputReader expire 9 lines
02-12 16:49:39.973  1422  4186 I chatty  : uid=1000(system) Binder_7 expire 1 line
02-12 16:49:40.302  1422  4185 I chatty  : uid=1000(system) Binder_6 expire 6 lines
02-12 16:49:41.857  1422  1443 I chatty  : uid=1000(system) PowerManagerSer expire 21 lines
02-12 16:49:41.990  3788  3788 I chatty  : uid=1000(system) com.android.systemui expire 4 lines
02-12 16:49:42.245  1422  1422 I chatty  : uid=1000 system_server expire 24 lines
02-12 16:49:44.711  5027  5027 I InCall  : InCallPresenter - onCallListChange oldState= NO_CALLS newState=NO_CALLS
02-12 16:49:44.711  5027  5027 I InCall  : InCallPresenter - onCallListChange newState changed to NO_CALLS
02-12 16:49:55.554  1422  4186 I chatty  : uid=1000(system) Binder_7 expire 9 lines
02-12 16:49:55.607  1422  1435 I chatty  : uid=1000(system) android.bg expire 5 lines
02-12 16:49:55.625  1422  1432 I chatty  : uid=1000(system) Binder_1 expire 4 lines
02-12 16:49:55.745  1422  1436 I chatty  : uid=1000(system) ActivityManager expire 11 lines
02-12 16:49:55.760  1422 24597 I chatty  : uid=1000 system_server expire 3 lines
