02-12 16:49:55.773  1422 24593 I chatty  : uid=1000 system_server expire 2 lines
02-12 16:49:55.814  1422  3889 I chatty  : uid=1000(system) Binder_5 expire 3 lines
02-12 16:49:55.820  3788  5620 I chatty  : uid=1000(system) local_job_dispa expire 3 lines
02-12 16:49:55.822  1422  1441 I chatty  : uid=1000(system) android.display expire 8 lines
02-12 16:49:55.949  3788 24615 I chatty  : uid=1000(system) com.android.systemui expire 1 line
02-12 16:49:55.971  5027  5027 I InCall  : Call - update Call_4 call, old state is INCOMING, new call detail is INCOMING
02-12 16:49:55.972  5027  5027 I InCall  : InCallPresenter - onCallListChange oldState= INCOMING newState=INCOMING
02-12 16:49:55.972  5027  5027 I InCall  : InCallPresenter - onCallListChange newState changed to INCOMING
02-12 16:49:55.992  5027  5027 I InCall  : Call - update Call_4 call, old state is INCOMING, new call detail is INCOMING
02-12 16:49:55.993  5027  5027 I InCall  : InCallPresenter - onCallListChange oldState= INCOMING newState=INCOMING
02-12 16:49:55.993  5027  5027 I InCall  : InCallPresenter - onCallListChange newState changed to INCOMING
02-12 16:49:56.010  1422  1422 I chatty  : uid=1000 system_server expire 11 lines
02-12 16:49:56.025  1422  4830 I chatty  : uid=1000(system) Binder_B expire 18 lines
02-12 16:49:56.091  4229  4229 I chatty  : uid=1000(system) com.miui.securitycenter.remote expire 3 lines
02-12 16:49:56.134  1422  4859 I chatty  : uid=1000(system) Binder_E expire 17 lines
02-12 16:49:56.158  1422  5256 I chatty  : uid=1000(system) Binder_10 expire 6 lines
02-12 16:49:56.159  1422  4844 I chatty  : uid=1000(system) Binder_C expire 3 lines
02-12 16:49:58.838  1422  4235 I chatty  : uid=1000(system) Binder_9 expire 10 lines
02-12 16:49:59.295  5027  5027 I InCall  : Call - update Call_4 call, old state is INCOMING, new call detail is INCOMING
02-12 16:49:59.296  5027  5027 I InCall  : InCallPresenter - onCallListChange oldState= INCOMING newState=INCOMING
02-12 16:49:59.296  5027  5027 I InCall  : InCallPresenter - onCallListChange newState changed to INCOMING
02-12 16:49:59.310  5027  5027 I InCall  : Call - update Call_4 call, old state is INCOMING, new call detail is INCOMING
02-12 16:49:59.311  5027  5027 I InCall  : InCallPresenter - onCallListChange oldState= INCOMING newState=INCOMING
02-12 16:49:59.311  5027  5027 I InCall  : InCallPresenter - onCallListChange newState changed to INCOMING
02-12 16:49:59.338  5027  5027 I InCall  : Call - update Call_4 call, old state is INCOMING, new call detail is ACTIVE
02-12 16:49:59.339  5027  5027 I InCall  : InCallPresenter - onCallListChange oldState= INCOMING newState=INCALL
02-12 16:49:59.339  5027  5027 I InCall  : InCallPresenter - onCallListChange newState changed to INCALL
02-12 16:49:59.393  5027  5027 I InCall  : Call - update Call_4 call, old state is ACTIVE, new call detail is ACTIVE
02-12 16:49:59.394  5027  5027 I InCall  : InCallPresenter - onCallListChange oldState= INCALL newState=INCALL
02-12 16:49:59.395  5027  5027 I InCall  : InCallPresenter - onCallListChange newState changed to INCALL
02-12 16:49:59.417  5027  5027 I InCall  : Call - update Call_4 call, old state is ACTIVE, new call detail is ACTIVE
02-12 16:49:59.418  5027  5027 I InCall  : InCallPresenter - onCallListChange oldState= INCALL newState=INCALL
02-12 16:49:59.418  5027  5027 I InCall  : InCallPresenter - onCallListChange newState changed to INCALL
02-12 16:49:59.461  5027  5027 I InCall  : Call - update Call_4 call, old state is ACTIVE, new call detail is ACTIVE
02-12 16:49:59.462  5027  5027 I InCall  : InCallPresenter - onCallListChange oldState= INCALL newState=INCALL
02-12 16:49:59.462  5027  5027 I InCall  : InCallPresenter - onCallListChange newState changed to INCALL
02-12 16:50:34.143  5027  5027 I InCall  : Call - update Call_4 call, old state is ACTIVE, new call detail is DISCONNECTING
02-12 16:50:34.144  5027  5027 I InCall  : InCallPresenter - onCallListChange oldState= INCALL newState=INCALL
02-12 16:50:34.144  5027  5027 I InCall  : InCallPresenter - onCallListChange newState changed to INCALL
02-12 16:50:34.163  5027  5027 I InCall  : Call - update Call_4 call, old state is DISCONNECTING, new call detail is DISCONNECTING
02-12 16:50:34.164  5027  5027 I InCall  : InCallPresenter - onCallListChange oldState= INCALL newState=INCALL
02-12 16:50:34.164  5027  5027 I InCall  : InCallPresenter - onCallListChange newState changed to INCALL
02-12 16:50:34.170  1422  4830 I chatty  : uid=1000(system) Binder_B expire 13 lines
02-12 16:50:34.181  5027  5027 I InCall  : Call - update Call_4 call, old state is DISCONNECTING, new call detail is DISCONNECTING
02-12 16:50:34.182  5027  5027 I InCall  : InCallPresenter - onCallListChange oldState= INCALL newState=INCALL
02-12 16:50:34.182  5027  5027 I InCall  : InCallPresenter - onCallListChange newState changed to INCALL
02-12 16:50:34.203  5027  5027 I InCall  : Call - update Call_4 call, old state is DISCONNECTING, new call detail is DISCONNECTED
02-12 16:50:34.216  5027  5027 I InCall  : InCallPresenter - onCallListChange oldState= INCALL newState=INCALL
02-12 16:50:34.216  5027  5027 I InCall  : InCallPresenter - onCallListChange newState changed to INCALL
02-12 16:50:34.229  5027  5027 I InCall  : Call - update Call_4 call, old state is DISCONNECTED, new call detail is DISCONNECTED
02-12 16:50:34.231  5027  5027 I InCall  : InCallPresenter - onCallListChange oldState= INCALL newState=INCALL
02-12 16:50:34.231  5027  5027 I InCall  : InCallPresenter - onCallListChange newState changed to INCALL
02-12 16:50:34.238  5027  5027 I InCall  : Call - update Call_4 call, old state is DISCONNECTED, new call detail is DISCONNECTED
02-12 16:50:34.239  5027  5027 I InCall  : InCallPresenter - onCallListChange oldState= INCALL newState=INCALL
02-12 16:50:34.239  5027  5027 I InCall  : InCallPresenter - onCallListChange newState changed to INCALL
02-12 16:50:34.246  5027  5027 I InCall  : Call - update Call_4 call, old state is DISCONNECTED, new call detail is DISCONNECTED
02-12 16:50:34.250  5027  5027 I InCall  : InCallPresenter - onCallListChange oldState= INCALL newState=INCALL
02-12 16:50:34.250  5027  5027 I InCall  : InCallPresenter - onCallListChange newState changed to INCALL
02-12 16:50:34.407  5027  5027 I InCall  : InCallPresenter - onCallListChange oldState= INCALL newState=NO_CALLS
02-12 16:50:34.410  5027  5027 I InCall  : InCallPresenter - onCallListChange newState changed to NO_CALLS
02-12 16:50:34.445  5027  5027 I InCall  : InCallPresenter - onCallListChange oldState= NO_CALLS newState=NO_CALLS
02-12 16:50:34.445  5027  5027 I InCall  : InCallPresenter - onCallListChange newState changed to NO_CALLS
02-12 16:50:34.451  5027  5027 I InCall  : InCallPresenter - onCallListChange oldState= NO_CALLS newState=NO_CALLS
02-12 16:50:34.451  5027  5027 I InCall  : InCallPresenter - onCallListChange newState changed to NO_CALLS
02-12 16:50:34.465  5027  5027 I InCall  : InCallPresenter - onCallListChange oldState= NO_CALLS newState=NO_CALLS
02-12 16:50:34.465  5027  5027 I InCall  : InCallPresenter - onCallListChange newState changed to NO_CALLS
02-12 16:50:34.776  1422  3582 I chatty  : uid=1000(system) InputReader expire 9 lines
02-12 16:50:34.782  1422  1433 I chatty  : uid=1000(system) Binder_2 expire 6 lines
02-12 16:50:39.257  5027  5027 I InCall  : InCallPresenter - onCallListChange oldState= NO_CALLS newState=NO_CALLS
02-12 16:50:39.257  5027  5027 I InCall  : InCallPresenter - onCallListChange newState changed to NO_CALLS
02-12 16:50:52.576  1422  4235 I chatty  : uid=1000(system) Binder_9 expire 3 lines
02-12 16:50:53.670  1422  4816 I chatty  : uid=1000(system) Binder_A expire 3 lines
02-12 16:50:57.001  1422  3771 I chatty  : uid=1000(system) Binder_3 expire 3 lines
02-12 16:51:14.272  1422  3581 I chatty  : uid=1000(system) InputDispatcher expire 2 lines
02-12 16:51:14.616  1422  1422 I chatty  : uid=1000 system_server expire 20 lines
02-12 16:51:15.172  1422  4868 I chatty  : uid=1000(system) Binder_F expire 2 lines
02-12 16:52:31.109  1422  4859 I chatty  : uid=1000(system) Binder_E expire 2 lines
02-12 16:54:35.370  1422  3802 I chatty  : uid=1000(system) Binder_4 expire 1 line
02-12 16:55:17.703  4173  4522 I chatty  : uid=1000(system) TrafficManageSe expire 2 lines
02-12 16:55:58.458  1422  4851 I chatty  : uid=1000(system) Binder_D expire 5 lines
02-12 16:56:00.308 25121 25201 E ActivityThread: Failed to find provider info for metok
02-12 16:56:00.322 25121 25121 E ActivityThread: Failed to find provider info for metok
02-12 16:56:01.645  1422  4830 I chatty  : uid=1000(system) Binder_B expire 1 line
02-12 16:56:01.782  3733 25218 W ActivityThread: ClassLoader.loadClass: The class loader returned by Thread.getContextClassLoader() may fail for processes that host multiple applications. You should explicitly specify a context class loader. For example: Thread.setContextClassLoader(getClass().getClassLoader());
02-12 16:56:28.835  1422  1436 I chatty  : uid=1000(system) ActivityManager expire 2 lines
02-12 16:56:29.104  1422  1446 I chatty  : uid=1000(system) PackageManager expire 5 lines
02-12 16:56:29.896  1422  1422 I chatty  : uid=1000 system_server expire 1 line
02-12 16:56:29.917  1422  3651 I chatty  : uid=1000(system) LocationPolicy expire 1 line
02-12 16:56:30.279 25272 25272 I chatty  : uid=1000(system) com.miui.networkassistant.shadow expire 2 lines
02-12 16:56:30.612  1422  4232 I chatty  : uid=1000(system) Binder_8 expire 1 line
02-12 16:56:30.624  1422  4816 I ActivityManager: Killing 23634:com.google.android.gms.ui/u0a15 (adj 15): empty #17
02-12 16:56:30.712  1422  4830 D ActivityManager: cleanUpApplicationRecord -- 23634
02-12 16:56:30.782  1422  4232 I ActivityManager: Start proc 25325:com.android.keychain/1000 for broadcast com.android.keychain/.KeyChainBroadcastReceiver
02-12 16:56:30.792  1422  4186 I ActivityManager: Killing 23556:com.google.android.music:main/u0a76 (adj 15): empty #17
02-12 16:56:30.895 25325 25325 W ContextImpl: Calling a method in the system process without a qualified user: android.app.ContextImpl.startService:1231 android.content.ContextWrapper.startService:591 android.content.ContextWrapper.startService:591 com.android.keychain.KeyChainBroadcastReceiver.onReceive:12 android.app.ActivityThread.handleReceiver:2732 
02-12 16:56:30.912  1422  4859 I ActivityManager: Start proc 25339:com.xiaomi.discover/u0a122 for broadcast com.xiaomi.discover/com.xiaomi.market.data.MyPackageMonitor
02-12 16:56:30.916  1422  1432 D ActivityManager: cleanUpApplicationRecord -- 23556
02-12 16:56:31.087  1422  3802 I ActivityManager: Killing 23539:com.google.android.gms.unstable/u0a15 (adj 15): empty #17
02-12 16:56:31.192  1422  5256 D ActivityManager: cleanUpApplicationRecord -- 23539
02-12 16:56:31.379  1422  1422 V KeyValueBackupJob: Scheduling k/v pass in 240 minutes
02-12 16:56:31.511  1422  4185 I ActivityManager: Killing 23719:com.google.android.gms.feedback/u0a15 (adj 15): empty #17
02-12 16:56:31.625  1422  4844 D ActivityManager: cleanUpApplicationRecord -- 23719
02-12 16:56:32.050  1422  4851 I ActivityManager: Start proc 25378:com.google.android.apps.docs/u0a52 for broadcast com.google.android.apps.docs/.receivers.AppPackageAddRemoveReceiver
02-12 16:56:32.934  1422  4830 D CryptdConnector: SND -> {30 cryptfs cryptocomplete}
02-12 16:56:32.934   404   417 I Ext4Crypt: ext4 crypto complete called on /data
02-12 16:56:32.934   404   417 I Ext4Crypt: No master key, so not ext4enc
02-12 16:56:32.935  1422  3611 D CryptdConnector: RCV <- {200 30 0}
02-12 16:56:32.935  1422  4830 D CryptdConnector: SND -> {31 cryptfs getpwtype}
02-12 16:56:32.936   404   417 D VoldCryptCmdListener: cryptfs getpwtype
02-12 16:56:32.936   404   417 I Ext4Crypt: ext4 crypto complete called on /data
02-12 16:56:32.936   404   417 I Ext4Crypt: No master key, so not ext4enc
02-12 16:56:32.936  1422  3611 D CryptdConnector: RCV <- {213 31 default}
02-12 16:56:33.424  1422  3802 W BroadcastQueueInjector: Unable to launch app com.syntellia.fleksy.keyboard/10109 for broadcast Intent { act=android.intent.action.PACKAGE_REMOVED dat=package:com.nulltree.skyapps.japstudy flg=0x4000010 (has extras) }: process is not permitted to  auto start
02-12 16:56:33.427  1422  1436 W BroadcastQueueInjector: Unable to launch app com.microsoft.office.excel/10116 for broadcast Intent { act=android.intent.action.PACKAGE_REMOVED dat=package:com.nulltree.skyapps.japstudy flg=0x4000010 (has extras) }: process is not permitted to  auto start
02-12 16:56:33.427  1422  1436 W BroadcastQueueInjector: Unable to launch app com.microsoft.office.excel/10116 for broadcast Intent { act=android.intent.action.PACKAGE_REMOVED dat=package:com.nulltree.skyapps.japstudy flg=0x4000010 (has extras) }: process is not permitted to  auto start
02-12 16:56:33.427  1422  1436 W BroadcastQueueInjector: Unable to launch app com.vkontakte.android/10039 for broadcast Intent { act=android.intent.action.PACKAGE_REMOVED dat=package:com.nulltree.skyapps.japstudy flg=0x4000010 (has extras) }: process is not permitted to  auto start
02-12 16:56:33.460  1422  1433 I ActivityManager: Start proc 25423:com.google.android.partnersetup/u0a18 for broadcast com.google.android.partnersetup/.RlzPingBroadcastReceiver
02-12 16:56:33.713  1422  4232 I ActivityManager: Killing 24325:com.miui.yellowpage/u0a9 (adj 15): empty #17
02-12 16:56:33.730  1422  1433 D ActivityManager: cleanUpApplicationRecord -- 24325
02-12 16:56:33.756  1422  3771 I ActivityManager: Killing 24754:com.miui.cloudservice:sync/u0a48 (adj 15): empty #17
02-12 16:56:33.785  1422  4868 W BroadcastQueueInjector: Unable to launch app com.syntellia.fleksy.keyboard/10109 for broadcast Intent { act=android.intent.action.PACKAGE_ADDED dat=package:com.nulltree.skyapps.japstudy flg=0x4000010 (has extras) }: process is not permitted to  auto start
02-12 16:56:33.788  1422  1436 W BroadcastQueueInjector: Unable to launch app com.microsoft.office.excel/10116 for broadcast Intent { act=android.intent.action.PACKAGE_ADDED dat=package:com.nulltree.skyapps.japstudy flg=0x4000010 (has extras) }: process is not permitted to  auto start
02-12 16:56:33.789  1422  1436 W BroadcastQueueInjector: Unable to launch app com.microsoft.office.excel/10116 for broadcast Intent { act=android.intent.action.PACKAGE_ADDED dat=package:com.nulltree.skyapps.japstudy flg=0x4000010 (has extras) }: process is not permitted to  auto start
02-12 16:56:33.789  1422  1436 W BroadcastQueueInjector: Unable to launch app com.vkontakte.android/10039 for broadcast Intent { act=android.intent.action.PACKAGE_ADDED dat=package:com.nulltree.skyapps.japstudy flg=0x4000010 (has extras) }: process is not permitted to  auto start
02-12 16:56:33.842  1422  4235 D ActivityManager: cleanUpApplicationRecord -- 24754
02-12 16:56:33.914  1422  4859 I ActivityManager: Start proc 25447:com.google.android.apps.photos/u0a86 for broadcast com.google.android.apps.photos/.backgroundsignin.BackgroundSignInBroadcastReceiver
02-12 16:56:34.688  1422  4851 D CryptdConnector: SND -> {32 cryptfs cryptocomplete}
02-12 16:56:34.689   404   417 I Ext4Crypt: ext4 crypto complete called on /data
02-12 16:56:34.689   404   417 I Ext4Crypt: No master key, so not ext4enc
02-12 16:56:34.689  1422  3611 D CryptdConnector: RCV <- {200 32 0}
02-12 16:56:34.689  1422  4851 D CryptdConnector: SND -> {33 cryptfs getpwtype}
02-12 16:56:34.690   404   417 D VoldCryptCmdListener: cryptfs getpwtype
02-12 16:56:34.690   404   417 I Ext4Crypt: ext4 crypto complete called on /data
02-12 16:56:34.690   404   417 I Ext4Crypt: No master key, so not ext4enc
02-12 16:56:34.690  1422  3611 D CryptdConnector: RCV <- {213 33 default}
02-12 16:56:34.792  1422  4185 W BroadcastQueueInjector: Unable to launch app com.vkontakte.android/10039 for broadcast Intent { act=android.intent.action.PACKAGE_REPLACED dat=package:com.nulltree.skyapps.japstudy flg=0x4000010 (has extras) }: process is not permitted to  auto start
02-12 16:56:34.830  1422  3802 W BroadcastQueueInjector: Unable to launch app com.shazam.android/10146 for broadcast Intent { act=android.intent.action.PACKAGE_REPLACED dat=package:com.nulltree.skyapps.japstudy flg=0x4000010 (has extras) }: process is not permitted to  auto start
02-12 16:56:34.983  1422  1432 I miui.security.WakePathChecker: MIUILOG-WAKEPATH pushWakePathWhiteList: userId=0 size=4
02-12 16:56:40.062  1422  4859 I ActivityManager: Killing 23731:com.android.fileexplorer:remote/u0a55 (adj 15): empty #17
02-12 16:56:40.144  1422  4830 D ActivityManager: cleanUpApplicationRecord -- 23731
02-12 16:58:28.742  1422  4830 W ActivityManager: Unable to start service Intent { act=com.google.firebase.MESSAGING_EVENT pkg=org.telegram.messenger (has extras) } U=0: not found
02-12 16:58:29.813  1422  3889 W ActivityManager: Unable to start service Intent { act=com.google.firebase.MESSAGING_EVENT pkg=org.telegram.messenger (has extras) } U=0: not found
02-12 16:59:46.358  1422  4186 W ActivityManager: Unable to start service Intent { act=com.google.firebase.MESSAGING_EVENT pkg=org.telegram.messenger (has extras) } U=0: not found
02-12 17:00:49.234  1422  4185 W ActivityManager: Unable to start service Intent { act=com.google.firebase.MESSAGING_EVENT pkg=org.telegram.messenger (has extras) } U=0: not found
02-12 17:01:01.915  1422  1433 W ActivityManager: Unable to start service Intent { act=com.google.firebase.MESSAGING_EVENT pkg=org.telegram.messenger (has extras) } U=0: not found
02-12 17:01:02.935  1422  4844 W ActivityManager: Unable to start service Intent { act=com.google.firebase.MESSAGING_EVENT pkg=org.telegram.messenger (has extras) } U=0: not found
02-12 17:01:18.189  1422  4851 D WifiService: acquireWifiLockLocked: WifiLock{NlpWifiLock type=2 binder=android.os.BinderProxy@26aa4d5}
02-12 17:01:18.212  1422  4185 D WifiService: acquireWifiLockLocked: WifiLock{NlpWifiLock type=2 binder=android.os.BinderProxy@75f44ea}
02-12 17:01:18.272  1422  1433 I ActivityManager: Start proc 25639:com.android.providers.calendar/u0a5 for content provider com.android.providers.calendar/.CalendarProvider2
02-12 17:01:18.529  1422  4851 I ActivityManager: Killing 24183:com.mfashiongallery.emag/u0a113 (adj 15): empty #17
02-12 17:01:18.625  1422  3889 D ActivityManager: cleanUpApplicationRecord -- 24183
02-12 17:01:22.010  1422  3802 D WifiService: releaseWifiLockLocked: WifiLock{NlpWifiLock type=2 binder=android.os.BinderProxy@75f44ea}
02-12 17:01:30.398  1422  4830 W ActivityManager: Killing processes SecurityCenter kill com.miui.networkassistant.shadow at adjustment 0
02-12 17:01:30.399  1422  4830 I ActivityManager: Killing 25272:com.miui.networkassistant.shadow/1000 (adj 0): SecurityCenter kill com.miui.networkassistant.shadow
02-12 17:01:30.552  1422  3771 D ActivityManager: cleanUpApplicationRecord -- 25272
02-12 17:01:30.554  4173  4173 I ActivityThread: Removing dead content provider:android.content.ContentProviderProxy@6c499e3
02-12 17:01:40.727  1422  1422 V NotificationService: notifications are disabled by AppOps for org.telegram.messenger
02-12 17:01:40.727  1422  1422 E NotificationService: Suppressing notification from package org.telegram.messenger by user request.
02-12 17:01:40.748  1422  1422 V NotificationService: notifications are disabled by AppOps for org.telegram.messenger
02-12 17:01:40.748  1422  1422 E NotificationService: Suppressing notification from package org.telegram.messenger by user request.
02-12 17:01:40.765  1422  1422 V NotificationService: notifications are disabled by AppOps for org.telegram.messenger
02-12 17:01:40.765  1422  1422 E NotificationService: Suppressing notification from package org.telegram.messenger by user request.
02-12 17:01:50.256  1422  3889 W ActivityManager: Unable to start service Intent { act=com.google.firebase.MESSAGING_EVENT pkg=org.telegram.messenger (has extras) } U=0: not found
02-12 17:01:52.817  1422  4868 W ActivityManager: Unable to start service Intent { act=com.google.firebase.MESSAGING_EVENT pkg=org.telegram.messenger (has extras) } U=0: not found
02-12 17:01:56.734  1422  4844 D WifiService: releaseWifiLockLocked: WifiLock{NlpWifiLock type=2 binder=android.os.BinderProxy@26aa4d5}
02-12 17:03:20.874  1422  3802 W ActivityManager: Unable to start service Intent { act=com.google.firebase.MESSAGING_EVENT pkg=org.telegram.messenger (has extras) } U=0: not found
02-12 17:04:06.698  1422  1433 W ActivityManager: Unable to start service Intent { act=com.google.firebase.MESSAGING_EVENT pkg=org.telegram.messenger (has extras) } U=0: not found
02-12 17:04:45.343  1422  1422 V NotificationService: notifications are disabled by AppOps for org.telegram.messenger
02-12 17:04:45.343  1422  1422 E NotificationService: Suppressing notification from package org.telegram.messenger by user request.
02-12 17:04:45.367  1422  1422 V NotificationService: notifications are disabled by AppOps for org.telegram.messenger
02-12 17:04:45.367  1422  1422 E NotificationService: Suppressing notification from package org.telegram.messenger by user request.
02-12 17:04:45.387  1422  1422 V NotificationService: notifications are disabled by AppOps for org.telegram.messenger
02-12 17:04:45.387  1422  1422 E NotificationService: Suppressing notification from package org.telegram.messenger by user request.
02-12 17:04:45.405  1422  1422 V NotificationService: notifications are disabled by AppOps for org.telegram.messenger
02-12 17:04:45.405  1422  1422 E NotificationService: Suppressing notification from package org.telegram.messenger by user request.
02-12 17:05:11.979  1422  4868 W ActivityManager: Unable to start service Intent { act=com.google.firebase.MESSAGING_EVENT pkg=org.telegram.messenger (has extras) } U=0: not found
02-12 17:05:57.331  1422  1435 I UsageStatsServiceInjector: appIdleParoleOn=false
02-12 17:05:58.061  1422  4868 W ActivityManager: Unable to start service Intent { act=com.google.firebase.MESSAGING_EVENT pkg=org.telegram.messenger (has extras) } U=0: not found
02-12 17:06:01.750  1422  4186 W ActivityManager: Unable to start service Intent { act=com.google.firebase.MESSAGING_EVENT pkg=org.telegram.messenger (has extras) } U=0: not found
02-12 17:06:18.325  1422  4232 D WifiService: acquireWifiLockLocked: WifiLock{NlpWifiLock type=2 binder=android.os.BinderProxy@75f44ea}
02-12 17:06:22.202  1422  4816 D WifiService: releaseWifiLockLocked: WifiLock{NlpWifiLock type=2 binder=android.os.BinderProxy@75f44ea}
02-12 17:06:54.584  1422  4186 W ActivityManager: Unable to start service Intent { act=com.google.firebase.MESSAGING_EVENT pkg=org.telegram.messenger (has extras) } U=0: not found
02-12 17:07:28.583  1422  4186 W ActivityManager: Unable to start service Intent { act=com.google.firebase.MESSAGING_EVENT pkg=org.telegram.messenger (has extras) } U=0: not found
02-12 17:08:18.824  1422  4816 W ActivityManager: Unable to start service Intent { act=com.google.firebase.MESSAGING_EVENT pkg=org.telegram.messenger (has extras) } U=0: not found
02-12 17:08:37.807  1422  4185 W ActivityManager: Unable to start service Intent { act=com.google.firebase.MESSAGING_EVENT pkg=org.telegram.messenger (has extras) } U=0: not found
02-12 17:09:09.961  1422  5256 W ActivityManager: Unable to start service Intent { act=com.google.firebase.MESSAGING_EVENT pkg=org.telegram.messenger (has extras) } U=0: not found
02-12 17:09:25.524  1422  4186 W ActivityManager: Unable to start service Intent { act=com.google.firebase.MESSAGING_EVENT pkg=org.telegram.messenger (has extras) } U=0: not found
02-12 17:09:47.231  1422  1432 W ActivityManager: Unable to start service Intent { act=com.google.firebase.MESSAGING_EVENT pkg=org.telegram.messenger (has extras) } U=0: not found
02-12 17:09:53.989  1422  4851 W ActivityManager: Unable to start service Intent { act=com.google.firebase.MESSAGING_EVENT pkg=org.telegram.messenger (has extras) } U=0: not found
02-12 17:10:15.289  1422  4844 W ActivityManager: Unable to start service Intent { act=com.google.firebase.MESSAGING_EVENT pkg=org.telegram.messenger (has extras) } U=0: not found
02-12 17:10:41.921  1422  4830 W ActivityManager: Unable to start service Intent { act=com.google.firebase.MESSAGING_EVENT pkg=org.telegram.messenger (has extras) } U=0: not found
02-12 17:11:03.625  1422  4185 W ActivityManager: Unable to start service Intent { act=com.google.firebase.MESSAGING_EVENT pkg=org.telegram.messenger (has extras) } U=0: not found
02-12 17:11:37.182  1422  4868 W ActivityManager: Unable to start service Intent { act=com.google.firebase.MESSAGING_EVENT pkg=org.telegram.messenger (has extras) } U=0: not found
02-12 17:11:39.562  1422  4844 D WifiService: acquireWifiLockLocked: WifiLock{NlpWifiLock type=2 binder=android.os.BinderProxy@22a7d98}
02-12 17:11:39.651  1422  1433 D WifiService: acquireWifiLockLocked: WifiLock{NlpWifiLock type=2 binder=android.os.BinderProxy@6829457}
02-12 17:11:39.794  1422  4851 W DropBoxManagerService: Dropping: event_data (39 > 0 bytes)
02-12 17:11:39.842  1422  4235 D WifiService: acquireWifiLockLocked: WifiLock{NlpWifiLock type=2 binder=android.os.BinderProxy@74ef629}
02-12 17:11:40.549  1422  4868 I ActivityManager: Start proc 26124:com.google.android.apps.photos:CameraShortcut/u0a86 for service com.google.android.apps.photos/.camerashortcut.CameraShortcutServiceImpl
02-12 17:11:40.986  1422  4859 D WifiService: releaseWifiLockLocked: WifiLock{NlpWifiLock type=2 binder=android.os.BinderProxy@74ef629}
02-12 17:11:40.991  1422  4851 D WifiService: releaseWifiLockLocked: WifiLock{NlpWifiLock type=2 binder=android.os.BinderProxy@6829457}
02-12 17:11:41.122  1422  3802 D CryptdConnector: SND -> {34 cryptfs cryptocomplete}
02-12 17:11:41.122   404   417 I Ext4Crypt: ext4 crypto complete called on /data
02-12 17:11:41.122   404   417 I Ext4Crypt: No master key, so not ext4enc
02-12 17:11:41.122  1422  3611 D CryptdConnector: RCV <- {200 34 0}
02-12 17:11:41.123  1422  3802 D CryptdConnector: SND -> {35 cryptfs getpwtype}
02-12 17:11:41.123   404   417 D VoldCryptCmdListener: cryptfs getpwtype
02-12 17:11:41.123   404   417 I Ext4Crypt: ext4 crypto complete called on /data
02-12 17:11:41.123   404   417 I Ext4Crypt: No master key, so not ext4enc
02-12 17:11:41.123  1422  3611 D CryptdConnector: RCV <- {213 35 default}
02-12 17:11:43.338  1422  3802 D WifiService: releaseWifiLockLocked: WifiLock{NlpWifiLock type=2 binder=android.os.BinderProxy@22a7d98}
02-12 17:11:44.979  1422  3889 W DropBoxManagerService: Dropping: platform_stats_bookmark (13 > 0 bytes)
02-12 17:11:49.503  1422  5256 I ActivityManager: Killing 25172:com.google.android.gms:car/u0a15 (adj 15): empty #17
02-12 17:11:49.584  1422  4816 D ActivityManager: cleanUpApplicationRecord -- 25172
02-12 17:12:07.299  1422  3889 W ActivityManager: Unable to start service Intent { act=com.google.firebase.MESSAGING_EVENT pkg=org.telegram.messenger (has extras) } U=0: not found
02-12 17:12:23.285  1422  1433 W ActivityManager: Unable to start service Intent { act=com.google.firebase.MESSAGING_EVENT pkg=org.telegram.messenger (has extras) } U=0: not found
02-12 17:12:53.814  1422  4844 W ActivityManager: Unable to start service Intent { act=com.google.firebase.MESSAGING_EVENT pkg=org.telegram.messenger (has extras) } U=0: not found
02-12 17:13:25.404  1422  4868 W ActivityManager: Unable to start service Intent { act=com.google.firebase.MESSAGING_EVENT pkg=org.telegram.messenger (has extras) } U=0: not found
02-12 17:14:17.844  1422  4186 W ActivityManager: Unable to start service Intent { act=com.google.firebase.MESSAGING_EVENT pkg=org.telegram.messenger (has extras) } U=0: not found
02-12 17:15:13.063  1422  1436 I ActivityManager: Start proc 26320:com.android.calendar/u0a4 for broadcast com.android.calendar/.widget.MonthWidgetProvider
02-12 17:15:13.345  1422  4844 I ActivityManager: Start proc 26337:com.android.deskclock/u0a50 for broadcast com.android.deskclock/.receiver.AlarmInitReceiver
02-12 17:15:13.383  1422  4859 I ActivityManager: Killing 25121:com.android.mms/u0a26 (adj 15): empty #17
02-12 17:15:13.498  1422  1433 D ActivityManager: cleanUpApplicationRecord -- 25121
02-12 17:15:13.735  1422  4816 I ActivityManager: Start proc 26357:com.miui.backup/9800 for broadcast com.miui.backup/.auto.AutoBackupReceiver
02-12 17:15:13.739  1422  4816 I ActivityManager: Killing 25325:com.android.keychain/1000 (adj 15): empty #17
02-12 17:15:13.789  1422  3771 D ActivityManager: cleanUpApplicationRecord -- 25325
02-12 17:15:14.167  4229  4229 W ContextImpl: Calling a method in the system process without a qualified user: android.app.ContextImpl.startService:1231 android.content.ContextWrapper.startService:591 android.content.ContextWrapper.startService:591 com.miui.powercenter.bootshutdown.a.aI:-1 com.miui.powercenter.provider.DateResetReceiver.bh:-1 
02-12 17:15:14.176  4229  4229 W ContextImpl: Calling a method in the system process without a qualified user: android.app.ContextImpl.startService:1231 android.content.ContextWrapper.startService:591 android.content.ContextWrapper.startService:591 com.miui.powercenter.bootshutdown.a.aK:-1 com.miui.powercenter.provider.DateResetReceiver.bh:-1 
02-12 17:15:14.222  1422  3802 I ActivityManager: Start proc 26380:com.android.settings:remote/1000 for broadcast com.android.settings/.dndmode.DoNotDisturbModeReceiver
02-12 17:15:14.276  1422  4185 I ActivityManager: Killing 25423:com.google.android.partnersetup/u0a18 (adj 15): empty #17
02-12 17:15:14.327  1422  3889 D ActivityManager: cleanUpApplicationRecord -- 25423
02-12 17:15:14.483 26380 26380 W ContextImpl: Calling a method in the system process without a qualified user: android.app.ContextImpl.startService:1231 android.content.ContextWrapper.startService:591 miui.core.SdkManager$1.run:189 android.os.Handler.handleCallback:739 android.os.Handler.dispatchMessage:95 
02-12 17:15:14.508 26380 26380 W ContextImpl: Calling a method in the system process without a qualified user: android.app.ContextImpl.sendBroadcast:773 android.content.ContextWrapper.sendBroadcast:406 com.android.settings.cloud.CloudJobService.onStartJob:56 android.app.job.JobService$JobHandler.handleMessage:126 android.os.Handler.dispatchMessage:102 
02-12 17:15:14.537 26380 26400 W ActivityThread: ClassLoader.loadClass: The class loader returned by Thread.getContextClassLoader() may fail for processes that host multiple applications. You should explicitly specify a context class loader. For example: Thread.setContextClassLoader(getClass().getClassLoader());
02-12 17:15:14.546  1422  4868 I ActivityManager: Start proc 26403:com.qualcomm.timeservice/1000 for broadcast com.qualcomm.timeservice/.TimeServiceBroadcastReceiver
02-12 17:15:14.553  1422  1433 W ActivityManager: Unable to start service Intent { act=com.google.firebase.MESSAGING_EVENT pkg=org.telegram.messenger (has extras) } U=0: not found
02-12 17:15:14.626  1422  4235 I ActivityManager: Killing 25309:com.xiaomi.providers.appindex/u0a119 (adj 15): empty #17
02-12 17:15:14.701  1422  4844 W BroadcastQueueInjector: Unable to launch app com.vkontakte.android/10039 for broadcast Intent { act=android.intent.action.TIME_SET flg=0x24000010 }: process is not permitted to  auto start
02-12 17:15:14.722  1422  1433 D ActivityManager: cleanUpApplicationRecord -- 25309
02-12 17:15:14.876  1422  4868 W ActivityManager: Unable to start service Intent { act=com.google.firebase.MESSAGING_EVENT pkg=org.telegram.messenger (has extras) } U=0: not found
02-12 17:15:16.941  1422  5256 I ActivityManager: Killing 25378:com.google.android.apps.docs/u0a52 (adj 15): empty #17
02-12 17:15:17.056  1422  4868 D ActivityManager: cleanUpApplicationRecord -- 25378
02-12 17:15:21.067  1422  4185 W ActivityManager: Unable to start service Intent { act=com.google.firebase.MESSAGING_EVENT pkg=org.telegram.messenger (has extras) } U=0: not found
02-12 17:15:50.635  1422  1432 W ActivityManager: Unable to start service Intent { act=com.google.firebase.MESSAGING_EVENT pkg=org.telegram.messenger (has extras) } U=0: not found
02-12 17:15:58.903  1422  1435 I UsageStatsService: User[0] Flushing usage stats to disk
02-12 17:16:09.825  1422  3771 W ActivityManager: Unable to start service Intent { act=com.google.firebase.MESSAGING_EVENT pkg=org.telegram.messenger (has extras) } U=0: not found
02-12 17:16:34.477  1422  4232 W ActivityManager: Unable to start service Intent { act=com.google.firebase.MESSAGING_EVENT pkg=org.telegram.messenger (has extras) } U=0: not found
02-12 17:16:39.070  1422  1432 D WifiService: acquireWifiLockLocked: WifiLock{NlpWifiLock type=2 binder=android.os.BinderProxy@22a7d98}
02-12 17:16:42.951  1422  1433 D WifiService: releaseWifiLockLocked: WifiLock{NlpWifiLock type=2 binder=android.os.BinderProxy@22a7d98}
02-12 17:16:45.876  1422  5256 W ActivityManager: Unable to start service Intent { act=com.google.firebase.MESSAGING_EVENT pkg=org.telegram.messenger (has extras) } U=0: not found
02-12 17:21:30.198  1422  4232 I ActivityManager: Start proc 26671:com.miui.gallery/u0a24 for content provider com.miui.gallery/.provider.GalleryProvider
02-12 17:21:30.528  1422  3889 I ActivityManager: Killing 25296:com.android.musicfx/u0a28 (adj 15): empty #17
02-12 17:21:30.627  1422  4235 D ActivityManager: cleanUpApplicationRecord -- 25296
02-12 17:21:39.086  1422  1432 D WifiService: acquireWifiLockLocked: WifiLock{NlpWifiLock type=2 binder=android.os.BinderProxy@8f644d9}
02-12 17:21:39.120  4229  4229 W ContextImpl: Calling a method in the system process without a qualified user: android.app.ContextImpl.startService:1231 android.content.ContextWrapper.startService:591 android.content.ContextWrapper.startService:591 com.miui.securitycenter.receiver.CleanMasterReceiver.di:-1 com.miui.securitycenter.receiver.CleanMasterReceiver.onReceive:-1 
02-12 17:21:39.157  1422  3802 I ActivityManager: Start proc 26702:com.miui.cleanmaster/1000 for service com.miui.cleanmaster/com.miui.optimizecenter.AutoUpdateCLeanupDBService
02-12 17:21:39.744 26702 26727 W ContextImpl: Calling a method in the system process without a qualified user: android.app.ContextImpl.bindService:1295 android.content.ContextWrapper.bindService:614 com.xiaomi.analytics.a.b.c.x:42 com.xiaomi.analytics.a.b.c.<init>:34 com.xiaomi.analytics.a.c.<init>:51 
02-12 17:21:39.778 26702 26702 W ContextImpl: Calling a method in the system process without a qualified user: android.app.ContextImpl.startService:1231 android.content.ContextWrapper.startService:591 miui.core.SdkManager$1.run:189 android.os.Handler.handleCallback:739 android.os.Handler.dispatchMessage:95 
02-12 17:21:39.785  1422  1432 I ActivityManager: Killing 25339:com.xiaomi.discover/u0a122 (adj 15): empty #17
02-12 17:21:39.858  1422  1433 D ActivityManager: cleanUpApplicationRecord -- 25339
02-12 17:21:42.873  1422  4859 D WifiService: releaseWifiLockLocked: WifiLock{NlpWifiLock type=2 binder=android.os.BinderProxy@8f644d9}
02-12 17:21:47.187  4229  4229 W ContextImpl: Calling a method in the system process without a qualified user: android.app.ContextImpl.startService:1231 android.content.ContextWrapper.startService:591 com.miui.securitycenter.receiver.CleanMasterReceiver.dj:-1 com.miui.securitycenter.receiver.CleanMasterReceiver.cu:-1 com.miui.securitycenter.receiver.a.run:-1 
02-12 17:25:55.848  1422  1436 I ProcessStatsService: Prepared write state in 7ms
02-12 17:26:55.953  1422  1422 I ActivityManager: Killing 25109:com.android.vending/u0a29 (adj 15): empty for 1807s
02-12 17:26:56.032  1422  4186 D ConnectivityService: reportNetworkConnectivity(100, false) by 10015
02-12 17:26:56.032  1422  1433 D WifiService: acquireWifiLockLocked: WifiLock{NlpWifiLock type=2 binder=android.os.BinderProxy@8f644d9}
02-12 17:26:56.032  1422  3644 D ConnectivityService: setProvNotificationVisibleIntent null visible=false networkType=MOBILE extraInfo=null highPriority=false
02-12 17:26:56.032  1422  3644 D ConnectivityService: NetworkAgentInfo [WIFI () - 100] validation  passed
02-12 17:26:56.111  1422  5256 D ActivityManager: cleanUpApplicationRecord -- 25109
02-12 17:26:56.341  4173  4522 W ContextImpl: Calling a method in the system process without a qualified user: android.app.ContextImpl.sendBroadcast:773 android.content.ContextWrapper.sendBroadcast:406 com.miui.networkassistant.service.tm.TrafficManageService.broadCastDataUsageUpdated:-1 com.miui.networkassistant.service.tm.TrafficManageService$8.onReceive:-1 android.app.LoadedApk$ReceiverDispatcher$Args.run:883 
02-12 17:26:59.555  1422  1436 I ActivityManager: Start proc 26924:com.google.android.talk/u0a62 for broadcast com.google.android.talk/com.google.android.apps.hangouts.service.broadcastreceiver.GcmStateReceiver
02-12 17:26:59.656  1422  3889 W ActivityManager: Unable to start service Intent { act=com.google.firebase.MESSAGING_EVENT pkg=org.telegram.messenger (has extras) } U=0: not found
02-12 17:26:59.714  1422  4232 W ActivityManager: Unable to start service Intent { act=com.google.firebase.MESSAGING_EVENT pkg=org.telegram.messenger (has extras) } U=0: not found
02-12 17:27:00.033  1422  3802 D WifiService: releaseWifiLockLocked: WifiLock{NlpWifiLock type=2 binder=android.os.BinderProxy@8f644d9}
02-12 17:27:00.970  1422  4830 D CryptdConnector: SND -> {36 cryptfs cryptocomplete}
02-12 17:27:00.971   404   417 I Ext4Crypt: ext4 crypto complete called on /data
02-12 17:27:00.971   404   417 I Ext4Crypt: No master key, so not ext4enc
02-12 17:27:00.971  1422  3611 D CryptdConnector: RCV <- {200 36 0}
02-12 17:27:00.972  1422  4830 D CryptdConnector: SND -> {37 cryptfs getpwtype}
02-12 17:27:00.972   404   417 D VoldCryptCmdListener: cryptfs getpwtype
02-12 17:27:00.972   404   417 I Ext4Crypt: ext4 crypto complete called on /data
02-12 17:27:00.972   404   417 I Ext4Crypt: No master key, so not ext4enc
02-12 17:27:00.972  1422  3611 D CryptdConnector: RCV <- {213 37 default}
02-12 17:27:01.924 26924 26971 D StrictMode: Wrote violation #0 of 2: 11544 bytes
02-12 17:27:01.924 26924 26971 D StrictMode: Wrote violation #0 of 2: 13544 bytes
02-12 17:27:01.924 26924 26971 D StrictMode: Wrote violation #1 of 2: 11260 bytes
02-12 17:27:01.925 26924 26971 D StrictMode: Wrote violation #0 of 2: 15544 bytes
02-12 17:27:01.926 26924 26971 D StrictMode: Wrote violation #1 of 2: 13260 bytes
02-12 17:27:01.926 26924 26971 D StrictMode: Wrote violation #0 of 2: 17544 bytes
02-12 17:27:01.926 26924 26971 D StrictMode: Wrote violation #1 of 2: 15260 bytes
02-12 17:27:01.927 26924 26971 D StrictMode: Wrote violation #0 of 2: 19544 bytes
02-12 17:27:01.927 26924 26971 D StrictMode: Wrote violation #1 of 2: 17260 bytes
02-12 17:27:01.928 26924 26971 D Error   : ERR: exClass=android.os.StrictMode$StrictModeCustomViolation
02-12 17:27:01.928 26924 26971 D Error   : ERR: exMsg=policy=4259848 violation=8 msg=gcore.dynamite
02-12 17:27:01.928 26924 26971 D Error   : ERR: file=StrictMode.java
02-12 17:27:01.928 26924 26971 D Error   : ERR: class=android.os.StrictMode$AndroidBlockGuardPolicy
02-12 17:27:01.928 26924 26971 D Error   : ERR: method=onCustomSlowCall line=1236
02-12 17:27:01.929 26924 26971 D Error   : ERR: stack=android.os.StrictMode$StrictModeCustomViolation: policy=4259848 violation=8 msg=gcore.dynamite
02-12 17:27:01.929 26924 26971 D Error   : 	at android.os.StrictMode$AndroidBlockGuardPolicy.onCustomSlowCall(StrictMode.java:1236)
02-12 17:27:01.929 26924 26971 D Error   : 	at android.os.StrictMode.noteSlowCall(StrictMode.java:2136)
02-12 17:27:01.929 26924 26971 D Error   : 	at lpp.a(:com.google.android.gms:13)
02-12 17:27:01.929 26924 26971 D Error   : 	at com.google.android.gms.chimera.container.DynamiteLoaderImpl.getModuleVersion2(:com.google.android.gms:23)
02-12 17:27:01.929 26924 26971 D Error   : 	at ony.onTransact(:com.google.android.gms:83)
02-12 17:27:01.929 26924 26971 D Error   : 	at android.os.Binder.transact(Binder.java:387)
02-12 17:27:01.929 26924 26971 D Error   : 	at hke.a(Unknown Source)
02-12 17:27:01.929 26924 26971 D Error   : 	at hjq.a(Unknown Source)
02-12 17:27:01.929 26924 26971 D Error   : 	at hjr.a(Unknown Source)
02-12 17:27:01.929 26924 26971 D Error   : 	at hjw.a(Unknown Source)
02-12 17:27:01.929 26924 26971 D Error   : 	at hjq.a(Unknown Source)
02-12 17:27:01.929 26924 26971 D Error   : 	at acs.S(SourceFile:57448)
02-12 17:27:01.929 26924 26971 D Error   : 	at acs.U(SourceFile:57453)
02-12 17:27:01.929 26924 26971 D Error   : 	at gvw.b(Unknown Source)
02-12 17:27:01.929 26924 26971 D Error   : 	at gvw.a(Unknown Source)
02-12 17:27:01.929 26924 26971 D Error   : 	at gvw.a(Unknown Source)
02-12 17:27:01.929 26924 26971 D Error   : 	at gmw.a(SourceFile:59)
02-12 17:27:01.929 26924 26971 D Error   : 	at fer.b(SourceFile:73)
02-12 17:27:01.929 26924 26971 D Error   : 	at fer.a(SourceFile:68)
02-12 17:27:01.929 26924 26971 D Error   : 	at fer.a(SourceFile:46)
02-12 17:27:01.929 26924 26971 D Error   : 	at fer.b(SourceFile:86)
02-12 17:27:01.929 26924 26971 D Error   : 	at fls.q_(SourceFile:63)
02-12 17:27:01.929 26924 26971 D Error   : 	at fju.a(SourceFile:99)
02-12 17:27:01.929 26924 26971 D Error   : 	at fls.a_(SourceFile:118)
02-12 17:27:01.929 26924 26971 D Error   : 	at bhn.run(SourceFile:58)
02-12 17:27:01.929 26924 26971 D Error   : 	at java.util.concurrent.Executors$RunnableAdapter.call(Executors.java:423)
02-12 17:27:01.929 26924 26971 D Error   : 	at java.util.concurrent.FutureTask.run(FutureTask.java:237)
02-12 17:27:01.929 26924 26971 D Error   : 	at java.util.concurrent.ThreadPoolExecutor.runWorker(ThreadPoolExecutor.java:1113)
02-12 17:27:01.929 26924 26971 D Error   : 	at java.util.concurrent.ThreadPoolExecutor$Worker.run(ThreadPoolExecutor.java:588)
02-12 17:27:01.929 26924 26971 D Error   : 	at bhs.run(SourceFile:243)
02-12 17:27:01.929 26924 26971 D Error   : 	at java.lang.Thread.run(Thread.java:818)
02-12 17:27:01.929 26924 26971 D Error   : # via Binder call with stack:
02-12 17:27:01.929 26924 26971 D Error   : android.os.StrictMode$LogStackTrace
02-12 17:27:01.929 26924 26971 D Error   : 	at android.os.StrictMode.readAndHandleBinderCallViolations(StrictMode.java:1911)
02-12 17:27:01.929 26924 26971 D Error   : 	at android.os.Parcel.readExceptionCode(Parcel.java:1601)
02-12 17:27:01.929 26924 26971 D Error   : 	at android.os.Parcel.readException(Parcel.java:1570)
02-12 17:27:01.929 26924 26971 D Error   : 	at hke.a(Unknown Source)
02-12 17:27:01.929 26924 26971 D Error   : 	at hjq.a(Unknown Source)
02-12 17:27:01.929 26924 26971 D Error   : 	at hjr.a(Unknown Source)
02-12 17:27:01.929 26924 26971 D Error   : 	at hjw.a(Unknown Source)
02-12 17:27:01.929 26924 26971 D Error   : 	at hjq.a(Unknown Source)
02-12 17:27:01.929 26924 26971 D Error   : 	at acs.S(SourceFile:57448)
02-12 17:27:01.929 26924 26971 D Error   : 	at acs.U(SourceFile:57453)
02-12 17:27:01.929 26924 26971 D Error   : 	at gvw.b(Unknown Source)
02-12 17:27:01.929 26924 26971 D Error   : 	at gvw.a(Unknown Source)
02-12 17:27:01.929 26924 26971 D Error   : 	at gvw.a(Unknown Source)
02-12 17:27:01.929 26924 26971 D Error   : 	at gmw.a(SourceFile:59)
02-12 17:27:01.929 26924 26971 D Error   : 	at fer.b(SourceFile:73)
02-12 17:27:01.929 26924 26971 D Error   : 	at fer.a(SourceFile:68)
02-12 17:27:01.929 26924 26971 D Error   : 	at fer.a(SourceFile:46)
02-12 17:27:01.929 26924 26971 D Error   : 	at fer.b(SourceFile:86)
02-12 17:27:01.929 26924 26971 D Error   : 	at fls.q_(SourceFile:63)
02-12 17:27:01.929 26924 26971 D Error   : 	at fju.a(SourceFile:99)
02-12 17:27:01.929 26924 26971 D Error   : 	at fls.a_(SourceFile:118)
02-12 17:27:01.929 26924 26971 D Error   : 	at bhn.run(SourceFile:58)
02-12 17:27:01.929 26924 26971 D Error   : 	at java.util.concurrent.Executors$RunnableAdapter.call(Executors.java:423)
02-12 17:27:01.929 26924 26971 D Error   : 	at java.util.concurrent.FutureTask.run(FutureTask.java:237)
02-12 17:27:01.929 26924 26971 D Error   : 	at java.util.concurrent.ThreadPoolExecutor.runWorker(ThreadPoolExecutor.java:1113)
02-12 17:27:01.929 26924 26971 D Error   : 	at java.util.concurrent.ThreadPoolExecutor$Worker.run(ThreadPoolExecutor.java:588)
02-12 17:27:01.929 26924 26971 D Error   : 	at bhs.run(SourceFile:243)
02-12 17:27:01.929 26924 26971 D Error   : 	at java.lang.Thread.run(Thread.java:818)
02-12 17:27:01.929 26924 26971 D Error   : # via Binder call with stack:
02-12 17:27:01.929 26924 26971 D Error   : android.os.StrictMode$LogStackTrace
02-12 17:27:01.929 26924 26971 D Error   : 	at android.os.StrictMode.readAndHandleBinderCallViolations(StrictMode.java:1911)
02-12 17:27:01.929 26924 26971 D Error   : 	at android.os.Parcel.readExceptionCode(Parcel.java:1601)
02-12 17:27:01.929 26924 26971 D Error   : 	at android.os.Parcel.readException(Parcel.java:1570)
02-12 17:27:01.929 26924 26971 D Error   : 	at hke.a(Unknown Source)
02-12 17:27:01.929 26924 26971 D Error   : 	at hjq.a(Unknown Source)
02-12 17:27:01.929 26924 26971 D Error   : 	at hjq.a(Unknown Source)
02-12 17:27:01.929 26924 26971 D Error   : 	at acs.S(SourceFile:57448)
02-12 17:27:01.929 26924 26971 D Error   : 	at acs.U(SourceFile:57453)
02-12 17:27:01.929 26924 26971 D Error   : 	at gvw.b(Unknown Source)
02-12 17:27:01.929 26924 26971 D Error   : 	at gvw.a(Unknown Source)
02-12 17:27:01.929 26924 26971 D Error   : 	at gvw.a(Unknown Source)
02-12 17:27:01.929 26924 26971 D Error   : 	at gmw.a(SourceFile:59)
02-12 17:27:01.929 26924 26971 D Error   : 	at fer.b(SourceFile:73)
02-12 17:27:01.929 26924 26971 D Error   : 	at fer.a(SourceFile:68)
02-12 17:27:01.929 26924 26971 D Error   : 	at fer.a(SourceFile:46)
02-12 17:27:01.929 26924 26971 D Error   : 	at fer.b(SourceFile:86)
02-12 17:27:01.929 26924 26971 D Error   : 	at fls.q_(SourceFile:63)
02-12 17:27:01.929 26924 26971 D Error   : 	at fju.a(SourceFile:99)
02-12 17:27:01.929 26924 26971 D Error   : 	at fls.a_(SourceFile:118)
02-12 17:27:01.929 26924 26971 D Error   : 	at bhn.run(SourceFile:58)
02-12 17:27:01.929 26924 26971 D Error   : 	at java.util.concurrent.Executors$RunnableAdapter.call(Executors.java:423)
02-12 17:27:01.929 26924 26971 D Error   : 	at java.util.concurrent.FutureTask.run(FutureTask.java:237)
02-12 17:27:01.929 26924 26971 D Error   : 	at java.util.concurrent.ThreadPoolExecutor.runWorker(ThreadPoolExecutor.java:1113)
02-12 17:27:01.929 26924 26971 D Error   : 	at java.util.concurrent.ThreadPoolExecutor$Worker.run(ThreadPoolExecutor.java:588)
02-12 17:27:01.929 26924 26971 D Error   : 	at bhs.run(SourceFile:243)
02-12 17:27:01.929 26924 26971 D Error   : 	at java.lang.Thread.run(Thread.java:818)
02-12 17:27:01.929 26924 26971 D Error   : # via Binder call with stack:
02-12 17:27:01.929 26924 26971 D Error   : android.os.StrictMode$LogStackTrace
02-12 17:27:01.929 26924 26971 D Error   : 	at android.os.StrictMode.readAndHandleBinderCallViolations(StrictMode.java:1911)
02-12 17:27:01.929 26924 26971 D Error   : 	at android.os.Parcel.readExceptionCode(Parcel.java:1601)
02-12 17:27:01.929 26924 26971 D Error   : 	at android.os.Parcel.readException(Parcel.java:1570)
02-12 17:27:01.929 26924 26971 D Error   : 	at gzi.b(Unknown Source)
02-12 17:27:01.929 26924 26971 D Error   : 	at acs.U(SourceFile:57453)
02-12 17:27:01.929 26924 26971 D Error   : 	at gvw.b(Unknown Source)
02-12 17:27:01.929 26924 26971 D Error   : 	at gvw.a(Unknown Source)
02-12 17:27:01.929 26924 26971 D Error   : 	at gvw.a(Unknown Source)
02-12 17:27:01.929 26924 26971 D Error   : 	at gmw.a(SourceFile:59)
02-12 17:27:01.929 26924 26971 D Error   : 	at fer.b(SourceFile:73)
02-12 17:27:01.929 26924 26971 D Error   : 	at fer.a(SourceFile:68)
02-12 17:27:01.929 26924 26971 D Error   : 	at fer.a(SourceFile:46)
02-12 17:27:01.929 26924 26971 D Error   : 	a
02-12 17:27:01.929 26924 26971 D Error   : ERR: TOTAL BYTES WRITTEN: 21500
02-12 17:27:01.929 26924 26971 D StrictMode: Wrote violation #0 of 2: 21544 bytes
02-12 17:27:01.929 26924 26971 D StrictMode: Wrote violation #1 of 2: 19260 bytes
02-12 17:27:01.930 26924 26971 D Error   : ERR: exClass=android.os.StrictMode$StrictModeCustomViolation
02-12 17:27:01.930 26924 26971 D Error   : ERR: exMsg=policy=4259848 violation=8 msg=gcore.dynamite
02-12 17:27:01.930 26924 26971 D Error   : ERR: file=StrictMode.java
02-12 17:27:01.930 26924 26971 D Error   : ERR: class=android.os.StrictMode$AndroidBlockGuardPolicy
02-12 17:27:01.930 26924 26971 D Error   : ERR: method=onCustomSlowCall line=1236
02-12 17:27:01.930 26924 26971 D Error   : ERR: stack=android.os.StrictMode$StrictModeCustomViolation: policy=4259848 violation=8 msg=gcore.dynamite
02-12 17:27:01.930 26924 26971 D Error   : 	at android.os.StrictMode$AndroidBlockGuardPolicy.onCustomSlowCall(StrictMode.java:1236)
02-12 17:27:01.930 26924 26971 D Error   : 	at android.os.StrictMode.noteSlowCall(StrictMode.java:2136)
02-12 17:27:01.930 26924 26971 D Error   : 	at lpp.a(:com.google.android.gms:13)
02-12 17:27:01.930 26924 26971 D Error   : 	at com.google.android.gms.chimera.container.DynamiteLoaderImpl.getModuleVersion2(:com.google.android.gms:23)
02-12 17:27:01.930 26924 26971 D Error   : 	at ony.onTransact(:com.google.android.gms:83)
02-12 17:27:01.930 26924 26971 D Error   : 	at android.os.Binder.transact(Binder.java:387)
02-12 17:27:01.930 26924 26971 D Error   : 	at hke.a(Unknown Source)
02-12 17:27:01.930 26924 26971 D Error   : 	at hjq.a(Unknown Source)
02-12 17:27:01.930 26924 26971 D Error   : 	at hjr.a(Unknown Source)
02-12 17:27:01.930 26924 26971 D Error   : 	at hjw.a(Unknown Source)
02-12 17:27:01.930 26924 26971 D Error   : 	at hjq.a(Unknown Source)
02-12 17:27:01.930 26924 26971 D Error   : 	at acs.S(SourceFile:57448)
02-12 17:27:01.930 26924 26971 D Error   : 	at acs.U(SourceFile:57453)
02-12 17:27:01.930 26924 26971 D Error   : 	at gvw.b(Unknown Source)
02-12 17:27:01.930 26924 26971 D Error   : 	at gvw.a(Unknown Source)
02-12 17:27:01.930 26924 26971 D Error   : 	at gvw.a(Unknown Source)
02-12 17:27:01.930 26924 26971 D Error   : 	at gmw.a(SourceFile:59)
02-12 17:27:01.930 26924 26971 D Error   : 	at fer.b(SourceFile:73)
