--------- beginning of crash
04-16 09:26:51.173   632   632 F libc    : page record for 0xf71ba02c was not found (block_size=16)
--------- beginning of system
02-12 12:54:31.754   404   417 I Ext4Crypt: ext4 crypto complete called on /data
02-12 12:54:31.754   404   417 I Ext4Crypt: No master key, so not ext4enc
02-12 12:54:31.755  1422  3611 I chatty  : uid=1000(system) CryptdConnector expire 1 line
02-12 12:54:31.756  1422  3609 I chatty  : uid=1000(system) MountService expire 134 lines
02-12 12:54:31.756  1422  1422 I chatty  : uid=1000 system_server expire 2 lines
02-12 12:54:31.758  1422  3610 I chatty  : uid=1000(system) VoldConnector expire 8 lines
02-12 12:54:31.775  1422  3609 I chatty  : uid=1000(system) MountService expire 93 lines
02-12 12:54:31.924  1422  1422 I chatty  : uid=1000 system_server expire 141 lines
02-12 12:54:32.130  1422  3643 I chatty  : uid=1000(system) WifiService expire 1 line
02-12 12:54:32.242  1422  3658 I chatty  : uid=1000 system_server expire 9 lines
02-12 12:54:32.246  1422  3581 I chatty  : uid=1000(system) InputDispatcher expire 1 line
02-12 12:54:32.842  1422  3644 I chatty  : uid=1000(system) ConnectivitySer expire 1 line
02-12 12:54:33.052  1422  1443 I chatty  : uid=1000(system) PowerManagerSer expire 1 line
02-12 12:54:33.098  1422  1436 I chatty  : uid=1000(system) ActivityManager expire 10 lines
02-12 12:54:33.100  1422  1422 I chatty  : uid=1000 system_server expire 58 lines
02-12 12:54:33.101  1422  1438 I chatty  : uid=1000(system) android.fg expire 1 line
02-12 12:54:33.101  1422  3609 I chatty  : uid=1000(system) MountService expire 2 lines
02-12 12:54:33.102   404   416 V vold    : Waiting for FUSE to spin up...
02-12 12:54:33.102  1422  3610 I chatty  : uid=1000(system) VoldConnector expire 6 lines
02-12 12:54:33.343  1422  3643 I chatty  : uid=1000(system) WifiService expire 12 lines
02-12 12:54:33.431  1422  3802 I chatty  : uid=1000(system) Binder_4 expire 6 lines
02-12 12:54:33.525  3811  3811 I chatty  : uid=1000(system) com.android.settings expire 8 lines
02-12 12:54:33.552  1422  1432 I chatty  : uid=1000(system) Binder_1 expire 3 lines
02-12 12:54:33.562  3811  3887 I chatty  : uid=1000(system) com.android.settings expire 1 line
02-12 12:54:33.764  1422  1433 I chatty  : uid=1000(system) Binder_2 expire 4 lines
02-12 12:54:33.864  3811  4077 I chatty  : uid=1000(system) com.android.settings expire 1 line
02-12 12:54:33.883  1422  3771 I chatty  : uid=1000(system) Binder_3 expire 8 lines
02-12 12:54:33.915  1422  3889 I chatty  : uid=1000(system) Binder_5 expire 5 lines
02-12 12:54:34.052  1422  1437 I chatty  : uid=1000(system) android.ui expire 1 line
02-12 12:54:34.100  3788  3788 I chatty  : uid=1000(system) com.android.systemui expire 4 lines
02-12 12:54:34.247  4173  4173 I chatty  : uid=1000(system) com.miui.networkassistant.deamon expire 4 lines
02-12 12:54:34.301  1422  4186 I chatty  : uid=1000(system) Binder_7 expire 4 lines
02-12 12:54:34.475  4229  4229 I chatty  : uid=1000(system) com.miui.securitycenter.remote expire 3 lines
02-12 12:54:34.683  1422  4185 I chatty  : uid=1000(system) Binder_6 expire 3 lines
02-12 12:54:34.687  1422  4232 I chatty  : uid=1000(system) Binder_8 expire 5 lines
02-12 12:54:35.025  1422  3644 I chatty  : uid=1000(system) ConnectivitySer expire 27 lines
02-12 12:54:36.783  4531  4531 I chatty  : uid=1000(system) com.miui.networkassistant.shadow expire 2 lines
02-12 12:54:36.797  1422  3694 I chatty  : uid=1000(system) backup expire 1 line
02-12 12:54:36.980   404   416 D vold    : Linking /storage/emulated/0 to /mnt/user/0/primary
02-12 12:54:37.190  4761  4761 I chatty  : uid=1000(system) com.miui.whetstone expire 19 lines
02-12 12:54:37.216  4809  4809 I chatty  : uid=1000(system) com.qualcomm.qti.tetherservice expire 1 line
02-12 12:54:37.237  4173  4522 I chatty  : uid=1000(system) TrafficManageSe expire 4 lines
02-12 12:54:37.257  1422  3642 I chatty  : uid=1000(system) WifiStateMachin expire 1 line
02-12 12:54:37.269  1422  1435 I chatty  : uid=1000(system) android.bg expire 1 line
02-12 12:54:37.322  1422  4859 I chatty  : uid=1000(system) Binder_E expire 3 lines
02-12 12:54:37.325  4737  4737 I chatty  : uid=1000(system) com.quicinc.cne.CNEService expire 1 line
02-12 12:54:37.433   594  1421 E FrameworkListener: read() failed (Connection reset by peer)
02-12 12:54:37.556  1422  5033 I chatty  : uid=1000(system) AsyncQueryWorke expire 1 line
02-12 12:54:37.578  1422  5044 I chatty  : uid=1000(system) AsyncTask #1 expire 1 line
02-12 12:54:37.589  4936  4936 I chatty  : uid=1000(system) com.android.settings:remote expire 2 lines
02-12 12:54:37.731  4245  4245 E ActivityThread: Failed to find provider info for com.xiaomi.mihomemanager.whitelistProvider
02-12 12:54:37.974  5066  5066 I chatty  : uid=1000(system) com.miui.antispam:provider expire 2 lines
02-12 12:54:37.990  1422  4844 I chatty  : uid=1000(system) Binder_C expire 2 lines
02-12 12:54:38.382  1422  4868 I chatty  : uid=1000(system) Binder_F expire 2 lines
02-12 12:54:38.537  5027  5027 I InCall  : InCallPresenter - onCallListChange oldState= NO_CALLS newState=NO_CALLS
02-12 12:54:38.538  5027  5027 I InCall  : InCallPresenter - onCallListChange newState changed to NO_CALLS
02-12 12:54:38.601  3811  5314 I chatty  : uid=1000(system) com.android.settings expire 1 line
02-12 12:54:38.665  1422  5256 I chatty  : uid=1000(system) Binder_10 expire 2 lines
02-12 12:54:45.108  1422  4830 I chatty  : uid=1000(system) Binder_B expire 2 lines
02-12 12:54:45.129   404   417 I Ext4Crypt: ext4 crypto complete called on /data
02-12 12:54:45.129   404   417 I Ext4Crypt: No master key, so not ext4enc
02-12 12:54:45.129  1422  3611 I chatty  : uid=1000(system) CryptdConnector expire 2 lines
02-12 12:54:45.131   404   417 D VoldCryptCmdListener: cryptfs getpwtype
02-12 12:54:45.131   404   417 I Ext4Crypt: ext4 crypto complete called on /data
02-12 12:54:45.131   404   417 I Ext4Crypt: No master key, so not ext4enc
02-12 12:54:45.148  1422  4851 I chatty  : uid=1000(system) Binder_D expire 1 line
02-12 12:54:45.151  1422  3614 I chatty  : uid=1000(system) NetworkPolicy expire 1 line
02-12 12:54:45.218  1422  3643 I chatty  : uid=1000(system) WifiService expire 3 lines
02-12 12:54:45.221  4936  5429 I chatty  : uid=1000(system) com.android.settings:remote expire 1 line
02-12 12:54:45.222  1422  1422 I chatty  : uid=1000 system_server expire 8 lines
02-12 12:54:45.748  4796  4796 I chatty  : uid=1000(system) com.securespaces.android.ssm.service expire 1 line
02-12 12:54:45.803  1422  3644 I chatty  : uid=1000(system) ConnectivitySer expire 5 lines
02-12 12:54:45.844  5412  5412 I chatty  : uid=1000(system) com.miui.klo.bugreport expire 1 line
02-12 12:54:45.869  1422  5489 I chatty  : uid=1000 system_server expire 1 line
02-12 12:54:45.909  4761  5508 I chatty  : uid=1000(system) com.miui.whetstone expire 1 line
02-12 12:54:46.171  1422  5537 I chatty  : uid=1000 system_server expire 1 line
02-12 12:54:46.250  3788  3829 I chatty  : uid=1000(system) local_job_dispa expire 1 line
02-12 12:54:46.268  5438  5438 I chatty  : uid=1000(system) com.miui.powerkeeper:service expire 3 lines
02-12 12:54:46.309  4544  4544 W KeyphraseEnrollmentInfo: Enrollment application doesn't support keyphrases
02-12 12:54:46.431  3811  5584 I chatty  : uid=1000(system) com.android.settings expire 1 line
02-12 12:54:46.563  5586  5586 I chatty  : uid=1000(system) com.codeaurora.fmradio expire 1 line
02-12 12:54:46.568  1422  1436 I chatty  : uid=1000(system) ActivityManager expire 22 lines
02-12 12:54:46.942  1422  3643 I chatty  : uid=1000(system) WifiService expire 7 lines
02-12 12:54:47.023  3788  5620 I chatty  : uid=1000(system) local_job_dispa expire 1 line
02-12 12:54:47.207  1422  1437 I chatty  : uid=1000(system) android.ui expire 1 line
02-12 12:54:47.268  3788  3788 I chatty  : uid=1000(system) com.android.systemui expire 2 lines
02-12 12:54:47.381  1422  1432 I chatty  : uid=1000(system) Binder_1 expire 11 lines
02-12 12:54:47.469  1422  1441 I chatty  : uid=1000(system) android.display expire 6 lines
02-12 12:54:47.894  1422  3692 I chatty  : uid=1000(system) WifiRttService expire 1 line
02-12 12:54:47.967  1422  4844 I chatty  : uid=1000(system) Binder_C expire 10 lines
02-12 12:54:48.204  1422  5256 I chatty  : uid=1000(system) Binder_10 expire 15 lines
02-12 12:54:48.481  1422  4830 I chatty  : uid=1000(system) Binder_B expire 8 lines
02-12 12:54:48.673  1422  4186 I chatty  : uid=1000(system) Binder_7 expire 12 lines
02-12 12:54:48.790  1422  4232 I chatty  : uid=1000(system) Binder_8 expire 13 lines
02-12 12:54:49.030  1422  4851 I chatty  : uid=1000(system) Binder_D expire 7 lines
02-12 12:54:49.095  1422  4235 I chatty  : uid=1000(system) Binder_9 expire 5 lines
02-12 12:54:49.354  1422  4859 I chatty  : uid=1000(system) Binder_E expire 12 lines
02-12 12:54:49.950  4840  4840 D MccTable: updateMccMncConfiguration mccmnc='' fromServiceState=false
02-12 12:54:50.255  1422  6135 I chatty  : uid=1000 system_server expire 1 line
02-12 12:54:50.464  1422  4816 I chatty  : uid=1000(system) Binder_A expire 14 lines
02-12 12:54:50.524  1422  3889 I chatty  : uid=1000(system) Binder_5 expire 13 lines
02-12 12:54:50.849  6144  6144 D ActivityThread: Loading provider com.whatsapp.provider.contact: com.whatsapp.contact.ContactProvider
02-12 12:54:50.943  1422  3771 I chatty  : uid=1000(system) Binder_3 expire 17 lines
02-12 12:54:51.322  4840  4840 D MccTable: updateMccMncConfiguration mccmnc='40177' fromServiceState=true
02-12 12:54:51.324  4840  4840 D MccTable: updateMccMncConfiguration defaultMccMnc=
02-12 12:54:51.324  4840  4840 D MccTable: updateMccMncConfiguration: mcc=401, mnc=77
02-12 12:54:51.324  4840  4840 D MccTable: WIFI_COUNTRY_CODE set to kz
02-12 12:54:51.326  1422  3802 I chatty  : uid=1000(system) Binder_4 expire 11 lines
02-12 12:54:51.464  4840  4840 D MccTable: updateMccMncConfiguration mccmnc='40177' fromServiceState=false
02-12 12:54:51.466  4840  4840 D MccTable: updateMccMncConfiguration defaultMccMnc=
02-12 12:54:51.466  4840  4840 D MccTable: updateMccMncConfiguration: mcc=401, mnc=77
02-12 12:54:51.466  4840  4840 D MccTable: updateMccMncConfiguration updateConfig config={1.0 401mcc77mnc ?locale ?layoutDir ?swdp ?wdp ?hdp ?density ?lsize ?long ?orien ?uimode ?night ?touch ?keyb/?/? ?nav/? themeChanged=0 themeChangedFlags=0}
02-12 12:54:51.466  1422  4185 I chatty  : uid=1000(system) Binder_6 expire 12 lines
02-12 12:54:51.908  1422  3644 I chatty  : uid=1000(system) ConnectivitySer expire 1 line
02-12 12:54:52.546  4840  4840 D MccTable: updateMccMncConfiguration mccmnc='40177' fromServiceState=false
02-12 12:54:52.548  4840  4840 D MccTable: updateMccMncConfiguration defaultMccMnc=40177
02-12 12:54:52.548  4840  4840 D MccTable: updateMccMncConfiguration: mcc=401, mnc=77
02-12 12:54:52.548  4840  4840 D MccTable: updateMccMncConfiguration updateConfig config={1.0 401mcc77mnc ?locale ?layoutDir ?swdp ?wdp ?hdp ?density ?lsize ?long ?orien ?uimode ?night ?touch ?keyb/?/? ?nav/? themeChanged=0 themeChangedFlags=0}
02-12 12:54:52.907  1422  1422 I chatty  : uid=1000 system_server expire 4 lines
02-12 12:54:53.433  1422  4868 I chatty  : uid=1000(system) Binder_F expire 13 lines
02-12 12:54:53.455   404   417 I Ext4Crypt: ext4 crypto complete called on /data
02-12 12:54:53.456   404   417 I Ext4Crypt: No master key, so not ext4enc
02-12 12:54:53.456  1422  3611 I chatty  : uid=1000(system) CryptdConnector expire 2 lines
02-12 12:54:53.457   404   417 D VoldCryptCmdListener: cryptfs getpwtype
02-12 12:54:53.457   404   417 I Ext4Crypt: ext4 crypto complete called on /data
02-12 12:54:53.457   404   417 I Ext4Crypt: No master key, so not ext4enc
02-12 12:54:53.797  4173  5777 I chatty  : uid=1000(system) AsyncTask #5 expire 2 lines
02-12 12:54:54.695  3811  3811 I chatty  : uid=1000(system) com.android.settings expire 4 lines
02-12 12:54:54.699  4173  4522 I chatty  : uid=1000(system) TrafficManageSe expire 2 lines
02-12 12:54:54.721  1422  1433 I chatty  : uid=1000(system) Binder_2 expire 6 lines
02-12 12:54:54.860  5066  5066 I chatty  : uid=1000(system) com.miui.antispam:provider expire 1 line
02-12 12:54:55.187  6416  6416 I chatty  : uid=1000(system) com.miui.klo.bugreport expire 1 line
02-12 12:54:57.438  1422  1443 I chatty  : uid=1000(system) PowerManagerSer expire 5 lines
02-12 12:54:57.513  1422  3656 I chatty  : uid=1000(system) SecurityWriteHa expire 2 lines
02-12 12:54:57.970  4229  4229 I chatty  : uid=1000(system) com.miui.securitycenter.remote expire 3 lines
02-12 12:54:58.621  6695  6695 I chatty  : uid=1000(system) com.android.settings:remote expire 2 lines
02-12 12:54:58.690  6695  6727 I chatty  : uid=1000(system) com.android.settings:remote expire 1 line
02-12 12:54:59.682  1422  6792 I chatty  : uid=1000 system_server expire 3 lines
02-12 12:54:59.690  1422  6790 I chatty  : uid=1000(system) AsyncTask #5 expire 1 line
02-12 12:55:00.132  6814  6814 I chatty  : uid=1000(system) com.miui.touchassistant expire 1 line
02-12 12:55:00.147  1422  4232 I chatty  : uid=1000(system) Binder_8 expire 10 lines
02-12 12:55:00.149  1422  4816 I chatty  : uid=1000(system) Binder_A expire 15 lines
02-12 12:55:00.160  1422  1433 I chatty  : uid=1000(system) Binder_2 expire 18 lines
02-12 12:55:00.166  1422  4186 I chatty  : uid=1000(system) Binder_7 expire 12 lines
02-12 12:55:00.171  1422  1432 I chatty  : uid=1000(system) Binder_1 expire 16 lines
02-12 12:55:00.175  1422  3771 I chatty  : uid=1000(system) Binder_3 expire 15 lines
02-12 12:55:00.181  1422  4851 I chatty  : uid=1000(system) Binder_D expire 10 lines
02-12 12:55:00.189  1422  4868 I chatty  : uid=1000(system) Binder_F expire 10 lines
02-12 12:55:00.195  1422  3889 I chatty  : uid=1000(system) Binder_5 expire 10 lines
02-12 12:55:00.199  1422  4844 I chatty  : uid=1000(system) Binder_C expire 16 lines
02-12 12:55:00.216  6840  6840 I chatty  : uid=1000(system) com.qualcomm.display expire 1 line
02-12 12:55:00.221  1422  4859 I chatty  : uid=1000(system) Binder_E expire 11 lines
02-12 12:55:00.228  1422  3802 I chatty  : uid=1000(system) Binder_4 expire 10 lines
02-12 12:55:00.240  1422  5256 I chatty  : uid=1000(system) Binder_10 expire 10 lines
02-12 12:55:00.250  1422  4830 I chatty  : uid=1000(system) Binder_B expire 12 lines
02-12 12:55:00.257  1422  4235 I chatty  : uid=1000(system) Binder_9 expire 9 lines
02-12 12:55:00.294  1422  4185 I chatty  : uid=1000(system) Binder_6 expire 7 lines
02-12 12:55:01.070  5438  5569 I chatty  : uid=1000(system) PowerKeeperConf expire 1 line
02-12 12:55:01.175  5438  6930 I chatty  : uid=1000(system) com.miui.powerkeeper:service expire 1 line
02-12 12:55:01.814  6430  6430 E ActivityThread: Failed to find provider info for com.facebook.katana.provider.AttributionIdProvider
02-12 12:55:01.879  6430  6461 E ActivityThread: Failed to find provider info for com.facebook.katana.provider.AttributionIdProvider
02-12 12:55:01.937  4785  7072 W ActivityThread: ClassLoader.loadClass: The class loader returned by Thread.getContextClassLoader() may fail for processes that host multiple applications. You should explicitly specify a context class loader. For example: Thread.setContextClassLoader(getClass().getClassLoader());
02-12 12:55:02.663  1422  1436 I chatty  : uid=1000(system) ActivityManager expire 10 lines
02-12 12:55:04.249  4229  4229 I chatty  : uid=1000(system) com.miui.securitycenter.remote expire 4 lines
02-12 12:55:04.278  4173  4173 I chatty  : uid=1000(system) com.miui.networkassistant.deamon expire 1 line
02-12 12:55:04.378  3811  3811 I chatty  : uid=1000(system) com.android.settings expire 1 line
02-12 12:55:04.775  4746  4746 I chatty  : uid=1000(system) com.qti.dpmserviceapp expire 1 line
02-12 12:55:04.809  1422  3643 I chatty  : uid=1000(system) WifiService expire 3 lines
02-12 12:55:04.814  1422  1422 I chatty  : uid=1000 system_server expire 1 line
02-12 12:55:04.821  5066  5066 I chatty  : uid=1000(system) com.miui.antispam:provider expire 1 line
02-12 12:55:06.826  7239  7584 E ActivityThread: Failed to find provider info for metok
02-12 12:55:06.845  7239  7239 E ActivityThread: Failed to find provider info for metok
02-12 12:55:07.283  7586  7586 I chatty  : uid=1000(system) com.miui.bugreport:remote expire 2 lines
02-12 12:55:08.652  7729  7729 I chatty  : uid=1000(system) com.qualcomm.qti.modemtestmode expire 4 lines
02-12 12:55:09.564  7786  7786 I chatty  : uid=1000(system) com.miui.securitycore expire 3 lines
02-12 12:55:09.581  4761  4761 I chatty  : uid=1000(system) com.miui.whetstone expire 1 line
02-12 12:55:10.152  4824  4824 I chatty  : uid=1000(system) com.qualcomm.qti.services.secureui:sui_service expire 1 line
02-12 12:55:10.236  7829  7853 W ActivityThread: ClassLoader.loadClass: The class loader returned by Thread.getContextClassLoader() may fail for processes that host multiple applications. You should explicitly specify a context class loader. For example: Thread.setContextClassLoader(getClass().getClassLoader());
02-12 12:55:10.269  1422  4816 I chatty  : uid=1000(system) Binder_A expire 1 line
02-12 12:55:10.336  1422  3771 I chatty  : uid=1000(system) Binder_3 expire 4 lines
02-12 12:55:10.444  1422  3889 I chatty  : uid=1000(system) Binder_5 expire 3 lines
02-12 12:55:10.493  1422  1433 I chatty  : uid=1000(system) Binder_2 expire 3 lines
02-12 12:55:11.835   404   417 I Ext4Crypt: ext4 crypto complete called on /data
02-12 12:55:11.835   404   417 I Ext4Crypt: No master key, so not ext4enc
02-12 12:55:11.835  1422  3611 I chatty  : uid=1000(system) CryptdConnector expire 2 lines
02-12 12:55:11.836   404   417 D VoldCryptCmdListener: cryptfs getpwtype
02-12 12:55:11.836   404   417 I Ext4Crypt: ext4 crypto complete called on /data
02-12 12:55:11.836   404   417 I Ext4Crypt: No master key, so not ext4enc
02-12 12:55:11.881  1422  4844 I chatty  : uid=1000(system) Binder_C expire 1 line
02-12 12:55:12.019  1422  4830 I chatty  : uid=1000(system) Binder_B expire 2 lines
02-12 12:55:12.885  1422  4859 I chatty  : uid=1000(system) Binder_E expire 3 lines
02-12 12:55:13.673  7998  8034 D ActivityThread: Loading provider com.google.android.gmail.provider;com.android.mail.notifier;com.google.android.gm.email.provider;com.google.android.gm.tasks.provider;com.google.android.gm.email.notifier: com.android.email.provider.EmailProvider
02-12 12:55:13.879  1422  1436 I chatty  : uid=1000(system) ActivityManager expire 2 lines
02-12 12:55:14.579  1422  4868 I chatty  : uid=1000(system) Binder_F expire 2 lines
02-12 12:55:14.807  1422  1432 I chatty  : uid=1000(system) Binder_1 expire 1 line
02-12 12:55:14.875  1422  4851 I chatty  : uid=1000(system) Binder_D expire 2 lines
02-12 12:55:14.977  1422  1435 I chatty  : uid=1000(system) android.bg expire 1 line
02-12 12:55:15.067  8014  8129 E ActivityThread: Failed to find provider info for com.android.contacts.metadata
02-12 12:55:15.308  8014  8169 E ActivityThread: Failed to find provider info for com.android.contacts.metadata
02-12 12:55:15.791  1422  4232 I chatty  : uid=1000(system) Binder_8 expire 4 lines
02-12 12:55:15.948  1422  4859 I chatty  : uid=1000(system) Binder_E expire 12 lines
02-12 12:55:16.241  1422  3580 I chatty  : uid=1000(system) AlarmManager expire 1 line
02-12 12:55:16.389  1422  1432 I chatty  : uid=1000(system) Binder_1 expire 8 lines
02-12 12:55:16.625  1422  3643 I chatty  : uid=1000(system) WifiService expire 6 lines
02-12 12:55:16.722  1422  4830 I chatty  : uid=1000(system) Binder_B expire 6 lines
02-12 12:55:16.788  1422  4816 I chatty  : uid=1000(system) Binder_A expire 9 lines
02-12 12:55:16.801  1422  5256 I chatty  : uid=1000(system) Binder_10 expire 5 lines
02-12 12:55:16.888  7806  8275 W ActivityThread: ClassLoader.loadClass: The class loader returned by Thread.getContextClassLoader() may fail for processes that host multiple applications. You should explicitly specify a context class loader. For example: Thread.setContextClassLoader(getClass().getClassLoader());
02-12 12:55:17.203  8014  8163 E ActivityThread: Failed to find provider info for com.google.android.wearable.settings
02-12 12:55:17.532  1422  3802 I chatty  : uid=1000(system) Binder_4 expire 10 lines
02-12 12:55:17.806  1422  3889 I chatty  : uid=1000(system) Binder_5 expire 4 lines
02-12 12:55:18.529  1422  3771 I chatty  : uid=1000(system) Binder_3 expire 10 lines
02-12 12:55:18.609  1422  4851 I chatty  : uid=1000(system) Binder_D expire 7 lines
02-12 12:55:19.094  1422  1433 I chatty  : uid=1000(system) Binder_2 expire 13 lines
02-12 12:55:19.104  1422  4868 I chatty  : uid=1000(system) Binder_F expire 11 lines
02-12 12:55:19.104   404   417 I Ext4Crypt: ext4 crypto complete called on /data
02-12 12:55:19.104   404   417 I Ext4Crypt: No master key, so not ext4enc
02-12 12:55:19.105  1422  3611 I chatty  : uid=1000(system) CryptdConnector expire 8 lines
02-12 12:55:19.106   404   417 D VoldCryptCmdListener: cryptfs getpwtype
02-12 12:55:19.106   404   417 I Ext4Crypt: ext4 crypto complete called on /data
02-12 12:55:19.106   404   417 I Ext4Crypt: No master key, so not ext4enc
02-12 12:55:19.519  1422  3582 I chatty  : uid=1000(system) InputReader expire 12 lines
02-12 12:55:19.520  1422  3581 I chatty  : uid=1000(system) InputDispatcher expire 1 line
02-12 12:55:19.539  1422  1443 I chatty  : uid=1000(system) PowerManagerSer expire 2 lines
02-12 12:55:19.542  3788  5620 I chatty  : uid=1000(system) local_job_dispa expire 1 line
02-12 12:55:19.546  1422  1441 I chatty  : uid=1000(system) android.display expire 1 line
02-12 12:55:19.622  4229  4229 I chatty  : uid=1000(system) com.miui.securitycenter.remote expire 1 line
02-12 12:55:19.654  1422  1422 I chatty  : uid=1000 system_server expire 30 lines
02-12 12:55:20.286  1422  1436 I chatty  : uid=1000(system) ActivityManager expire 16 lines
02-12 12:55:20.430  1422  4185 I chatty  : uid=1000(system) Binder_6 expire 10 lines
02-12 12:55:20.431   404   417 I Ext4Crypt: ext4 crypto complete called on /data
02-12 12:55:20.431   404   417 I Ext4Crypt: No master key, so not ext4enc
02-12 12:55:20.433   404   417 D VoldCryptCmdListener: cryptfs getpwtype
02-12 12:55:20.433   404   417 I Ext4Crypt: ext4 crypto complete called on /data
02-12 12:55:20.433   404   417 I Ext4Crypt: No master key, so not ext4enc
02-12 12:55:20.530  1422  4186 I chatty  : uid=1000(system) Binder_7 expire 11 lines
02-12 12:55:20.851  8624  8624 I chatty  : uid=1000(system) com.miui.klo.bugreport expire 1 line
02-12 12:55:21.190  1422  4235 I chatty  : uid=1000(system) Binder_9 expire 12 lines
02-12 12:55:21.741  8014  8163 E ActivityThread: Failed to find provider info for com.google.android.wearable.settings
02-12 12:55:22.224   404   417 I Ext4Crypt: ext4 crypto complete called on /data
02-12 12:55:22.224   404   417 I Ext4Crypt: No master key, so not ext4enc
02-12 12:55:22.225   404   417 D VoldCryptCmdListener: cryptfs getpwtype
02-12 12:55:22.225   404   417 I Ext4Crypt: ext4 crypto complete called on /data
02-12 12:55:22.225   404   417 I Ext4Crypt: No master key, so not ext4enc
02-12 12:55:24.209  1422  4844 I chatty  : uid=1000(system) Binder_C expire 5 lines
02-12 12:55:25.820  3811  3811 I chatty  : uid=1000(system) com.android.settings expire 4 lines
02-12 12:55:26.169  4173  4522 I chatty  : uid=1000(system) TrafficManageSe expire 2 lines
02-12 12:55:27.490  1422  1435 I chatty  : uid=1000(system) android.bg expire 1 line
02-12 12:55:27.500  8649  8649 E ActivityThread: Failed to find provider info for com.facebook.katana.provider.AttributionIdProvider
02-12 12:55:27.904  8649  8667 E ActivityThread: Failed to find provider info for com.facebook.katana.provider.AttributionIdProvider
02-12 12:55:28.417  3788  3829 I chatty  : uid=1000(system) local_job_dispa expire 1 line
02-12 12:55:28.434  1422  4859 I chatty  : uid=1000(system) Binder_E expire 6 lines
02-12 12:55:29.619  8962  9105 W PackageParser: Unknown element under <application>: enable-feature at /data/app/com.skype.raider-1/base.apk Binary XML file line #156
02-12 12:55:29.622  8962  9105 W PackageParser: No actions in intent filter at /data/app/com.skype.raider-1/base.apk Binary XML file line #217
02-12 12:55:29.622  8962  9105 W PackageParser: No actions in intent filter at /data/app/com.skype.raider-1/base.apk Binary XML file line #224
02-12 12:55:33.510  8962  9105 W PackageParser: Unknown element under <manifest>: meta-data at /data/app/com.shazam.android-2/base.apk Binary XML file line #78
02-12 12:55:33.948  1422  5044 I chatty  : uid=1000(system) AsyncTask #1 expire 1 line
02-12 12:55:33.981  1422  9268 I chatty  : uid=1000 system_server expire 3 lines
02-12 12:55:34.010  1422  9251 I chatty  : uid=1000 system_server expire 2 lines
02-12 12:55:34.032  1422  4186 I chatty  : uid=1000(system) Binder_7 expire 3 lines
02-12 12:55:34.406  3788  9302 I chatty  : uid=1000(system) com.android.systemui expire 1 line
02-12 12:55:34.997   404   417 I Ext4Crypt: ext4 crypto complete called on /data
02-12 12:55:34.997   404   417 I Ext4Crypt: No master key, so not ext4enc
02-12 12:55:34.999   404   417 D VoldCryptCmdListener: cryptfs getpwtype
02-12 12:55:34.999   404   417 I Ext4Crypt: ext4 crypto complete called on /data
02-12 12:55:34.999   404   417 I Ext4Crypt: No master key, so not ext4enc
02-12 12:55:35.044  8962  9105 W PackageParser: Unknown element under <manifest>: supports-gl-texture at /data/app/com.groogadgets.spiraloid-1/base.apk Binary XML file line #18
02-12 12:55:36.021  1422  1433 I chatty  : uid=1000(system) Binder_2 expire 2 lines
02-12 12:55:36.078  1422  1422 I chatty  : uid=1000 system_server expire 2 lines
02-12 12:55:36.081  5027  5027 I InCall  : Call - update Call_0 call, old state is INCOMING, new call detail is INCOMING
02-12 12:55:36.085  5027  5027 I InCall  : InCallPresenter - onCallListChange oldState= INCOMING newState=INCOMING
02-12 12:55:36.086  5027  5027 I InCall  : InCallPresenter - onCallListChange newState changed to INCOMING
02-12 12:55:36.091  1422  4235 I chatty  : uid=1000(system) Binder_9 expire 4 lines
02-12 12:55:36.109  5027  5027 I InCall  : Call - update Call_0 call, old state is INCOMING, new call detail is INCOMING
02-12 12:55:36.110  5027  5027 I InCall  : InCallPresenter - onCallListChange oldState= INCOMING newState=INCOMING
02-12 12:55:36.110  5027  5027 I InCall  : InCallPresenter - onCallListChange newState changed to INCOMING
02-12 12:55:36.530  5027  5027 I InCall  : InCallPresenter - onCallListChange oldState= INCOMING newState=INCOMING
02-12 12:55:36.531  5027  5027 I InCall  : InCallPresenter - onCallListChange newState changed to INCOMING
02-12 12:55:37.139  1422  1436 I chatty  : uid=1000(system) ActivityManager expire 2 lines
02-12 12:55:38.740  8962  9105 W PackageParser: Unknown element under <application>: uses-feature at /data/app/ru.stellio.player-2/base.apk Binary XML file line #343
02-12 12:55:38.740  8962  9105 W PackageParser: Unknown element under <application>: uses-feature at /data/app/ru.stellio.player-2/base.apk Binary XML file line #346
02-12 12:55:39.071  8962  9105 W PackageParser: Unknown element under <application>: enable-feature at /data/app/com.mapswithme.maps.pro-1/base.apk Binary XML file line #476
02-12 12:55:39.466  8962  9105 W PackageParser: Unknown element under <application>: enable-feature at /data/app/com.nike.plusgps-1/base.apk Binary XML file line #762
02-12 12:55:41.271  8962  9105 W PackageParser: Unknown element under <manifest>: supports-gl-texture at /data/app/com.instagram.android-1/base.apk Binary XML file line #107
02-12 12:55:41.325  8962  9105 W PackageParser: Unknown element under <application>: enable-feature at /data/app/com.instagram.android-1/base.apk Binary XML file line #309
02-12 12:55:41.993  8962  9105 W PackageParser: Problem in package /data/app/org.qpython.qpy-1/base.apk:
02-12 12:55:41.993  8962  9105 W PackageParser: Unknown element under <activity>: action at /data/app/org.qpython.qpy-1/base.apk Binary XML file line #129
02-12 12:55:41.993  8962  9105 W PackageParser: Problem in package /data/app/org.qpython.qpy-1/base.apk:
02-12 12:55:41.993  8962  9105 W PackageParser: Unknown element under <activity>: category at /data/app/org.qpython.qpy-1/base.apk Binary XML file line #131
02-12 12:55:42.009  8962  9105 W PackageParser: No actions in intent filter at /data/app/org.qpython.qpy-1/base.apk Binary XML file line #558
02-12 12:55:42.176  1422  3802 I chatty  : uid=1000(system) Binder_4 expire 3 lines
02-12 12:55:42.879  1422  4868 I chatty  : uid=1000(system) Binder_F expire 10 lines
02-12 12:55:44.182  8962  9105 W PackageParser: Unknown element under <application>: uses-sdk at /data/app/org.videolan.vlc-1/base.apk Binary XML file line #561
02-12 12:55:44.753  1422  4830 I chatty  : uid=1000(system) Binder_B expire 14 lines
02-12 12:55:44.899  1422  5256 I chatty  : uid=1000(system) Binder_10 expire 10 lines
02-12 12:55:44.930  1422  4844 I chatty  : uid=1000(system) Binder_C expire 11 lines
02-12 12:55:45.157  1422  3771 I chatty  : uid=1000(system) Binder_3 expire 13 lines
02-12 12:55:45.470  1422  1433 I chatty  : uid=1000(system) Binder_2 expire 10 lines
02-12 12:55:45.515  8962  9105 W PackageParser: No actions in intent filter at /data/app/com.rhmsoft.fm.hd-1/base.apk Binary XML file line #43
02-12 12:55:45.699  8962  9105 W PackageParser: Ignoring duplicate uses-permissions/uses-permissions-sdk-m: com.google.android.providers.gsf.permission.READ_GSERVICES in package: kz.crystalspring.pit_stop_kz at: Binary XML file line #54
02-12 12:55:45.699  8962  9105 W PackageParser: Ignoring duplicate uses-permissions/uses-permissions-sdk-m: android.permission.ACCESS_NETWORK_STATE in package: kz.crystalspring.pit_stop_kz at: Binary XML file line #58
02-12 12:55:45.841  9591  9620 D ActivityThread: Loading provider com.google.android.gmail.provider;com.android.mail.notifier;com.google.android.gm.email.provider;com.google.android.gm.tasks.provider;com.google.android.gm.email.notifier: com.android.email.provider.EmailProvider
02-12 12:55:45.909  1422  4235 I chatty  : uid=1000(system) Binder_9 expire 20 lines
02-12 12:55:46.082  1422  4232 I chatty  : uid=1000(system) Binder_8 expire 6 lines
02-12 12:55:46.105  1422  4859 I chatty  : uid=1000(system) Binder_E expire 14 lines
02-12 12:55:46.336  8962  9105 W PackageParser: Ignoring duplicate uses-permissions/uses-permissions-sdk-m: miui.permission.SHELL in package: com.miui.home at: Binary XML file line #114
02-12 12:55:46.336  8962  9105 W PackageParser: Ignoring duplicate uses-permissions/uses-permissions-sdk-m: com.xiaomi.gallery.permission.CLOUD in package: com.miui.home at: Binary XML file line #119
02-12 12:55:46.342  9513  9513 E ActivityThread: Failed to find provider info for metok
02-12 12:55:46.343  9513  9640 E ActivityThread: Failed to find provider info for metok
02-12 12:55:46.601  1422  3802 I chatty  : uid=1000(system) Binder_4 expire 11 lines
02-12 12:55:46.698  1422  4185 I chatty  : uid=1000(system) Binder_6 expire 14 lines
02-12 12:55:46.792  4173  4522 I chatty  : uid=1000(system) TrafficManageSe expire 2 lines
02-12 12:55:47.069  5027  5027 I InCall  : Call - update Call_0 call, old state is INCOMING, new call detail is INCOMING
02-12 12:55:47.072  5027  5027 I InCall  : InCallPresenter - onCallListChange oldState= INCOMING newState=INCOMING
02-12 12:55:47.072  5027  5027 I InCall  : InCallPresenter - onCallListChange newState changed to INCOMING
02-12 12:55:47.158  5027  5027 I InCall  : Call - update Call_0 call, old state is INCOMING, new call detail is ACTIVE
02-12 12:55:47.159  5027  5027 I InCall  : InCallPresenter - onCallListChange oldState= INCOMING newState=INCALL
02-12 12:55:47.159  5027  5027 I InCall  : InCallPresenter - onCallListChange newState changed to INCALL
02-12 12:55:47.210  5027  5027 I InCall  : Call - update Call_0 call, old state is ACTIVE, new call detail is ACTIVE
02-12 12:55:47.211  5027  5027 I InCall  : InCallPresenter - onCallListChange oldState= INCALL newState=INCALL
02-12 12:55:47.211  5027  5027 I InCall  : InCallPresenter - onCallListChange newState changed to INCALL
02-12 12:55:47.298  1422  3889 I chatty  : uid=1000(system) Binder_5 expire 8 lines
02-12 12:55:47.343  5027  5027 I InCall  : Call - update Call_0 call, old state is ACTIVE, new call detail is ACTIVE
02-12 12:55:47.344  5027  5027 I InCall  : InCallPresenter - onCallListChange oldState= INCALL newState=INCALL
02-12 12:55:47.344  5027  5027 I InCall  : InCallPresenter - onCallListChange newState changed to INCALL
02-12 12:55:47.403  5027  5027 I InCall  : Call - update Call_0 call, old state is ACTIVE, new call detail is ACTIVE
02-12 12:55:47.404  5027  5027 I InCall  : InCallPresenter - onCallListChange oldState= INCALL newState=INCALL
02-12 12:55:47.404  5027  5027 I InCall  : InCallPresenter - onCallListChange newState changed to INCALL
02-12 12:55:47.419  5027  5027 I InCall  : Call - update Call_0 call, old state is ACTIVE, new call detail is ACTIVE
02-12 12:55:47.422  1422  1441 I chatty  : uid=1000(system) android.display expire 2 lines
02-12 12:55:47.425  5027  5027 I InCall  : InCallPresenter - onCallListChange oldState= INCALL newState=INCALL
02-12 12:55:47.425  5027  5027 I InCall  : InCallPresenter - onCallListChange newState changed to INCALL
02-12 12:55:47.751  1422  4186 I chatty  : uid=1000(system) Binder_7 expire 13 lines
02-12 12:55:48.158  1422  3643 I chatty  : uid=1000(system) WifiService expire 5 lines
02-12 12:55:48.161  1422  4851 I chatty  : uid=1000(system) Binder_D expire 8 lines
02-12 12:55:49.611  1422  1438 I chatty  : uid=1000(system) android.fg expire 1 line
02-12 12:55:49.624  1422  1436 I chatty  : uid=1000(system) ActivityManager expire 5 lines
02-12 12:55:49.675   404   417 I Ext4Crypt: ext4 crypto complete called on /data
02-12 12:55:49.675   404   417 I Ext4Crypt: No master key, so not ext4enc
02-12 12:55:49.675  1422  3611 I chatty  : uid=1000(system) CryptdConnector expire 4 lines
02-12 12:55:49.676   404   417 D VoldCryptCmdListener: cryptfs getpwtype
02-12 12:55:49.676   404   417 I Ext4Crypt: ext4 crypto complete called on /data
02-12 12:55:49.676   404   417 I Ext4Crypt: No master key, so not ext4enc
02-12 12:55:50.341  1422  1432 I chatty  : uid=1000(system) Binder_1 expire 10 lines
02-12 12:55:50.824  4675  4675 E ActivityThread: Service com.google.android.location.places.service.PlaceDetectionAsyncService has leaked IntentReceiver amth@f335ac5 that was originally registered here. Are you missing a call to unregisterReceiver()?
02-12 12:55:50.824  4675  4675 E ActivityThread: android.app.IntentReceiverLeaked: Service com.google.android.location.places.service.PlaceDetectionAsyncService has leaked IntentReceiver amth@f335ac5 that was originally registered here. Are you missing a call to unregisterReceiver()?
02-12 12:55:50.824  4675  4675 E ActivityThread: 	at android.app.LoadedApk$ReceiverDispatcher.<init>(LoadedApk.java:920)
02-12 12:55:50.824  4675  4675 E ActivityThread: 	at android.app.LoadedApk.getReceiverDispatcher(LoadedApk.java:721)
02-12 12:55:50.824  4675  4675 E ActivityThread: 	at android.app.ContextImpl.registerReceiverInternal(ContextImpl.java:1182)
02-12 12:55:50.824  4675  4675 E ActivityThread: 	at android.app.ContextImpl.registerReceiver(ContextImpl.java:1162)
02-12 12:55:50.824  4675  4675 E ActivityThread: 	at android.content.ContextWrapper.registerReceiver(ContextWrapper.java:571)
02-12 12:55:50.824  4675  4675 E ActivityThread: 	at android.content.ContextWrapper.registerReceiver(ContextWrapper.java:571)
02-12 12:55:50.824  4675  4675 E ActivityThread: 	at android.content.ContextWrapper.registerReceiver(ContextWrapper.java:571)
02-12 12:55:50.824  4675  4675 E ActivityThread: 	at android.content.ContextWrapper.registerReceiver(ContextWrapper.java:571)
02-12 12:55:50.824  4675  4675 E ActivityThread: 	at amrb.run(:com.google.android.gms:4414)
02-12 12:55:50.824  4675  4675 E ActivityThread: 	at android.os.Handler.handleCallback(Handler.java:739)
02-12 12:55:50.824  4675  4675 E ActivityThread: 	at android.os.Handler.dispatchMessage(Handler.java:95)
02-12 12:55:50.824  4675  4675 E ActivityThread: 	at android.os.Looper.loop(Looper.java:148)
02-12 12:55:50.824  4675  4675 E ActivityThread: 	at android.os.HandlerThread.run(HandlerThread.java:61)
02-12 12:55:50.887  4675  4675 E ActivityThread: Service com.google.android.location.places.service.PlaceDetectionAsyncService has leaked IntentReceiver amth@ab9ce96 that was originally registered here. Are you missing a call to unregisterReceiver()?
02-12 12:55:50.887  4675  4675 E ActivityThread: android.app.IntentReceiverLeaked: Service com.google.android.location.places.service.PlaceDetectionAsyncService has leaked IntentReceiver amth@ab9ce96 that was originally registered here. Are you missing a call to unregisterReceiver()?
02-12 12:55:50.887  4675  4675 E ActivityThread: 	at android.app.LoadedApk$ReceiverDispatcher.<init>(LoadedApk.java:920)
02-12 12:55:50.887  4675  4675 E ActivityThread: 	at android.app.LoadedApk.getReceiverDispatcher(LoadedApk.java:721)
02-12 12:55:50.887  4675  4675 E ActivityThread: 	at android.app.ContextImpl.registerReceiverInternal(ContextImpl.java:1182)
02-12 12:55:50.887  4675  4675 E ActivityThread: 	at android.app.ContextImpl.registerReceiver(ContextImpl.java:1162)
02-12 12:55:50.887  4675  4675 E ActivityThread: 	at android.content.ContextWrapper.registerReceiver(ContextWrapper.java:571)
02-12 12:55:50.887  4675  4675 E ActivityThread: 	at android.content.ContextWrapper.registerReceiver(ContextWrapper.java:571)
02-12 12:55:50.887  4675  4675 E ActivityThread: 	at android.content.ContextWrapper.registerReceiver(ContextWrapper.java:571)
02-12 12:55:50.887  4675  4675 E ActivityThread: 	at android.content.ContextWrapper.registerReceiver(ContextWrapper.java:571)
02-12 12:55:50.887  4675  4675 E ActivityThread: 	at amrb.run(:com.google.android.gms:4414)
02-12 12:55:50.887  4675  4675 E ActivityThread: 	at android.os.Handler.handleCallback(Handler.java:739)
02-12 12:55:50.887  4675  4675 E ActivityThread: 	at android.os.Handler.dispatchMessage(Handler.java:95)
02-12 12:55:50.887  4675  4675 E ActivityThread: 	at android.os.Looper.loop(Looper.java:148)
02-12 12:55:50.887  4675  4675 E ActivityThread: 	at android.os.HandlerThread.run(HandlerThread.java:61)
02-12 12:55:50.954  4675  4675 E ActivityThread: Service com.google.android.location.places.service.PlaceDetectionAsyncService has leaked IntentReceiver amth@a2b7ca3 that was originally registered here. Are you missing a call to unregisterReceiver()?
02-12 12:55:50.954  4675  4675 E ActivityThread: android.app.IntentReceiverLeaked: Service com.google.android.location.places.service.PlaceDetectionAsyncService has leaked IntentReceiver amth@a2b7ca3 that was originally registered here. Are you missing a call to unregisterReceiver()?
02-12 12:55:50.954  4675  4675 E ActivityThread: 	at android.app.LoadedApk$ReceiverDispatcher.<init>(LoadedApk.java:920)
02-12 12:55:50.954  4675  4675 E ActivityThread: 	at android.app.LoadedApk.getReceiverDispatcher(LoadedApk.java:721)
02-12 12:55:50.954  4675  4675 E ActivityThread: 	at android.app.ContextImpl.registerReceiverInternal(ContextImpl.java:1182)
02-12 12:55:50.954  4675  4675 E ActivityThread: 	at android.app.ContextImpl.registerReceiver(ContextImpl.java:1162)
02-12 12:55:50.954  4675  4675 E ActivityThread: 	at android.content.ContextWrapper.registerReceiver(ContextWrapper.java:571)
02-12 12:55:50.954  4675  4675 E ActivityThread: 	at android.content.ContextWrapper.registerReceiver(ContextWrapper.java:571)
02-12 12:55:50.954  4675  4675 E ActivityThread: 	at android.content.ContextWrapper.registerReceiver(ContextWrapper.java:571)
02-12 12:55:50.954  4675  4675 E ActivityThread: 	at android.content.ContextWrapper.registerReceiver(ContextWrapper.java:571)
02-12 12:55:50.954  4675  4675 E ActivityThread: 	at amrb.run(:com.google.android.gms:4414)
02-12 12:55:50.954  4675  4675 E ActivityThread: 	at android.os.Handler.handleCallback(Handler.java:739)
02-12 12:55:50.954  4675  4675 E ActivityThread: 	at android.os.Handler.dispatchMessage(Handler.java:95)
02-12 12:55:50.954  4675  4675 E ActivityThread: 	at android.os.Looper.loop(Looper.java:148)
02-12 12:55:50.954  4675  4675 E ActivityThread: 	at android.os.HandlerThread.run(HandlerThread.java:61)
02-12 12:55:51.052  4675  4675 E ActivityThread: Service com.google.android.location.places.service.PlaceDetectionAsyncService has leaked IntentReceiver amth@94d95fc that was originally registered here. Are you missing a call to unregisterReceiver()?
02-12 12:55:51.052  4675  4675 E ActivityThread: android.app.IntentReceiverLeaked: Service com.google.android.location.places.service.PlaceDetectionAsyncService has leaked IntentReceiver amth@94d95fc that was originally registered here. Are you missing a call to unregisterReceiver()?
02-12 12:55:51.052  4675  4675 E ActivityThread: 	at android.app.LoadedApk$ReceiverDispatcher.<init>(LoadedApk.java:920)
02-12 12:55:51.052  4675  4675 E ActivityThread: 	at android.app.LoadedApk.getReceiverDispatcher(LoadedApk.java:721)
02-12 12:55:51.052  4675  4675 E ActivityThread: 	at android.app.ContextImpl.registerReceiverInternal(ContextImpl.java:1182)
02-12 12:55:51.052  4675  4675 E ActivityThread: 	at android.app.ContextImpl.registerReceiver(ContextImpl.java:1162)
02-12 12:55:51.052  4675  4675 E ActivityThread: 	at android.content.ContextWrapper.registerReceiver(ContextWrapper.java:571)
02-12 12:55:51.052  4675  4675 E ActivityThread: 	at android.content.ContextWrapper.registerReceiver(ContextWrapper.java:571)
02-12 12:55:51.052  4675  4675 E ActivityThread: 	at android.content.ContextWrapper.registerReceiver(ContextWrapper.java:571)
02-12 12:55:51.052  4675  4675 E ActivityThread: 	at android.content.ContextWrapper.registerReceiver(ContextWrapper.java:571)
02-12 12:55:51.052  4675  4675 E ActivityThread: 	at amrb.run(:com.google.android.gms:4414)
02-12 12:55:51.052  4675  4675 E ActivityThread: 	at android.os.Handler.handleCallback(Handler.java:739)
02-12 12:55:51.052  4675  4675 E ActivityThread: 	at android.os.Handler.dispatchMessage(Handler.java:95)
02-12 12:55:51.052  4675  4675 E ActivityThread: 	at android.os.Looper.loop(Looper.java:148)
02-12 12:55:51.052  4675  4675 E ActivityThread: 	at android.os.HandlerThread.run(HandlerThread.java:61)
02-12 12:55:53.516  1422  4816 I chatty  : uid=1000(system) Binder_A expire 9 lines
02-12 12:55:53.921  8014  9996 E ActivityThread: Failed to find provider info for com.google.android.wearable.settings
02-12 12:55:54.776   404   417 I Ext4Crypt: ext4 crypto complete called on /data
02-12 12:55:54.776   404   417 I Ext4Crypt: No master key, so not ext4enc
02-12 12:55:54.777   404   417 D VoldCryptCmdListener: cryptfs getpwtype
02-12 12:55:54.777   404   417 I Ext4Crypt: ext4 crypto complete called on /data
02-12 12:55:54.777   404   417 I Ext4Crypt: No master key, so not ext4enc
02-12 12:55:56.161  9513  9513 E ActivityThread: Failed to find provider info for metok
02-12 12:55:56.481  8014  9996 E ActivityThread: Failed to find provider info for com.google.android.wearable.settings
02-12 12:55:58.097  1422  5256 I chatty  : uid=1000(system) Binder_10 expire 10 lines
02-12 12:55:58.426  9880  9880 E ActivityThread: Failed to find provider info for com.facebook.katana.provider.AttributionIdProvider
02-12 12:55:58.510  9880  9896 E ActivityThread: Failed to find provider info for com.facebook.katana.provider.AttributionIdProvider
02-12 12:55:59.806  1422  4235 I chatty  : uid=1000(system) Binder_9 expire 21 lines
02-12 12:56:01.195  1422  4868 I chatty  : uid=1000(system) Binder_F expire 3 lines
02-12 12:56:02.104  1422  1435 I chatty  : uid=1000(system) android.bg expire 1 line
02-12 12:56:04.086  1422  1422 I chatty  : uid=1000 system_server expire 4 lines
02-12 12:56:52.788  5027  5027 I InCall  : Call - update Call_0 call, old state is ACTIVE, new call detail is ACTIVE
02-12 12:56:52.790  5027  5027 I InCall  : InCallPresenter - onCallListChange oldState= INCALL newState=INCALL
02-12 12:56:52.790  5027  5027 I InCall  : InCallPresenter - onCallListChange newState changed to INCALL
02-12 12:56:52.800  1422  4235 I chatty  : uid=1000(system) Binder_9 expire 12 lines
02-12 12:56:52.811  5027  5027 I InCall  : Call - update Call_0 call, old state is ACTIVE, new call detail is ACTIVE
02-12 12:56:52.812  5027  5027 I InCall  : InCallPresenter - onCallListChange oldState= INCALL newState=INCALL
02-12 12:56:52.812  5027  5027 I InCall  : InCallPresenter - onCallListChange newState changed to INCALL
02-12 12:56:52.823  5027  5027 I InCall  : Call - update Call_0 call, old state is ACTIVE, new call detail is ACTIVE
02-12 12:56:52.824  5027  5027 I InCall  : InCallPresenter - onCallListChange oldState= INCALL newState=INCALL
02-12 12:56:52.824  5027  5027 I InCall  : InCallPresenter - onCallListChange newState changed to INCALL
02-12 12:56:52.839  5027  5027 I InCall  : Call - update Call_0 call, old state is ACTIVE, new call detail is DISCONNECTED
02-12 12:56:52.850  5027  5027 I InCall  : InCallPresenter - onCallListChange oldState= INCALL newState=INCALL
02-12 12:56:52.850  5027  5027 I InCall  : InCallPresenter - onCallListChange newState changed to INCALL
02-12 12:56:52.873  1422  3771 I chatty  : uid=1000(system) Binder_3 expire 1 line
02-12 12:56:52.874  5027  5027 I InCall  : Call - update Call_0 call, old state is DISCONNECTED, new call detail is DISCONNECTED
02-12 12:56:52.882  5027  5027 I InCall  : InCallPresenter - onCallListChange oldState= INCALL newState=INCALL
02-12 12:56:52.882  5027  5027 I InCall  : InCallPresenter - onCallListChange newState changed to INCALL
02-12 12:56:54.210  1422  3582 I chatty  : uid=1000(system) InputReader expire 5 lines
02-12 12:56:54.504  1422  1443 I chatty  : uid=1000(system) PowerManagerSer expire 10 lines
02-12 12:56:54.525  1422  1441 I chatty  : uid=1000(system) android.display expire 3 lines
02-12 12:56:54.544  1422  4859 I chatty  : uid=1000(system) Binder_E expire 6 lines
02-12 12:56:54.560  1422  3771 I chatty  : uid=1000(system) Binder_3 expire 10 lines
02-12 12:56:54.631  1422  4851 I chatty  : uid=1000(system) Binder_D expire 5 lines
02-12 12:56:54.800  3788  3788 I chatty  : uid=1000(system) com.android.systemui expire 1 line
02-12 12:56:54.844  5027  5027 I InCall  : InCallPresenter - onCallListChange oldState= INCALL newState=NO_CALLS
02-12 12:56:54.849  5027  5027 I InCall  : InCallPresenter - onCallListChange newState changed to NO_CALLS
02-12 12:56:54.885  5027  5027 I InCall  : InCallPresenter - onCallListChange oldState= NO_CALLS newState=NO_CALLS
02-12 12:56:54.885  5027  5027 I InCall  : InCallPresenter - onCallListChange newState changed to NO_CALLS
02-12 12:56:54.916  1422  4830 I chatty  : uid=1000(system) Binder_B expire 8 lines
02-12 12:56:55.228  1422  4185 I chatty  : uid=1000(system) Binder_6 expire 10 lines
02-12 12:56:55.245  1422  1422 I chatty  : uid=1000 system_server expire 11 lines
02-12 12:56:55.364  1422  1432 I chatty  : uid=1000(system) Binder_1 expire 3 lines
02-12 12:56:55.391  1422  4186 I chatty  : uid=1000(system) Binder_7 expire 6 lines
02-12 12:56:56.560  1422  3643 I chatty  : uid=1000(system) WifiService expire 4 lines
02-12 12:56:56.860  1422  4844 I chatty  : uid=1000(system) Binder_C expire 10 lines
02-12 12:56:56.861   404   417 I Ext4Crypt: ext4 crypto complete called on /data
02-12 12:56:56.861   404   417 I Ext4Crypt: No master key, so not ext4enc
02-12 12:56:56.861  1422  3611 I chatty  : uid=1000(system) CryptdConnector expire 4 lines
02-12 12:56:56.862   404   417 D VoldCryptCmdListener: cryptfs getpwtype
02-12 12:56:56.862   404   417 I Ext4Crypt: ext4 crypto complete called on /data
02-12 12:56:56.862   404   417 I Ext4Crypt: No master key, so not ext4enc
02-12 12:56:57.853  1422  1433 I chatty  : uid=1000(system) Binder_2 expire 6 lines
02-12 12:56:57.894  5027  5027 I InCall  : InCallPresenter - onCallListChange oldState= NO_CALLS newState=NO_CALLS
02-12 12:56:57.894  5027  5027 I InCall  : InCallPresenter - onCallListChange newState changed to NO_CALLS
02-12 12:59:00.045  1422  4232 I chatty  : uid=1000(system) Binder_8 expire 6 lines
02-12 13:00:18.852  4229 10974 I chatty  : uid=1000(system) com.miui.securitycenter.remote expire 2 lines
02-12 13:00:18.903  1422  5256 I chatty  : uid=1000(system) Binder_10 expire 7 lines
02-12 13:00:19.180 10975 10975 I chatty  : uid=1000(system) com.miui.bugreport:remote expire 2 lines
02-12 13:00:19.395 10987 11040 I chatty  : uid=1000(system) com.miui.cleanmaster expire 1 line
02-12 13:00:19.409 10987 10987 I chatty  : uid=1000(system) com.miui.cleanmaster expire 1 line
02-12 13:00:19.462 10987 11042 I chatty  : uid=1000(system) com.miui.cleanmaster expire 1 line
02-12 13:00:21.861  1422  3802 I chatty  : uid=1000(system) Binder_4 expire 4 lines
02-12 13:00:58.939  1422  1436 I chatty  : uid=1000(system) ActivityManager expire 7 lines
02-12 13:01:22.732  1422  6873 I chatty  : uid=1000 system_server expire 1 line
02-12 13:02:01.051  1422  3889 I chatty  : uid=1000(system) Binder_5 expire 4 lines
02-12 13:03:34.776 11075 11075 E ActivityThread: Failed to find provider info for com.facebook.katana.provider.AttributionIdProvider
02-12 13:03:34.798 11075 11092 E ActivityThread: Failed to find provider info for com.facebook.katana.provider.AttributionIdProvider
02-12 13:09:51.480  1422  4868 I chatty  : uid=1000(system) Binder_F expire 5 lines
02-12 13:09:51.597  1422 11239 I chatty  : uid=1000 system_server expire 1 line
02-12 13:09:51.709  3788 11245 I chatty  : uid=1000(system) com.android.systemui expire 1 line
02-12 13:09:52.737  1422  3644 I chatty  : uid=1000(system) ConnectivitySer expire 78 lines
02-12 13:09:53.822  4173  4522 I chatty  : uid=1000(system) TrafficManageSe expire 10 lines
02-12 13:09:56.382  1422 11390 I chatty  : uid=1000 system_server expire 1 line
